Archive member included to satisfy reference by file (symbol)

c:/program files (x86)/gnu tools arm embedded/6.2 2016q4/bin/../lib/gcc/arm-none-eabi/6.2.1/../../../../arm-none-eabi/lib/thumb/v7e-m\libg_nano.a(lib_a-errno.o)
                              ./system/src/newlib/_sbrk.o (__errno)
c:/program files (x86)/gnu tools arm embedded/6.2 2016q4/bin/../lib/gcc/arm-none-eabi/6.2.1/../../../../arm-none-eabi/lib/thumb/v7e-m\libg_nano.a(lib_a-impure.o)
                              c:/program files (x86)/gnu tools arm embedded/6.2 2016q4/bin/../lib/gcc/arm-none-eabi/6.2.1/../../../../arm-none-eabi/lib/thumb/v7e-m\libg_nano.a(lib_a-errno.o) (_impure_ptr)
c:/program files (x86)/gnu tools arm embedded/6.2 2016q4/bin/../lib/gcc/arm-none-eabi/6.2.1/../../../../arm-none-eabi/lib/thumb/v7e-m\libg_nano.a(lib_a-strlen.o)
                              ./system/src/diag/Trace.o (strlen)
c:/program files (x86)/gnu tools arm embedded/6.2 2016q4/bin/../lib/gcc/arm-none-eabi/6.2.1/../../../../arm-none-eabi/lib/thumb/v7e-m\libg_nano.a(lib_a-vsnprintf.o)
                              ./system/src/diag/Trace.o (vsnprintf)
c:/program files (x86)/gnu tools arm embedded/6.2 2016q4/bin/../lib/gcc/arm-none-eabi/6.2.1/../../../../arm-none-eabi/lib/thumb/v7e-m\libg_nano.a(lib_a-nano-svfprintf.o)
                              c:/program files (x86)/gnu tools arm embedded/6.2 2016q4/bin/../lib/gcc/arm-none-eabi/6.2.1/../../../../arm-none-eabi/lib/thumb/v7e-m\libg_nano.a(lib_a-vsnprintf.o) (_svfprintf_r)
c:/program files (x86)/gnu tools arm embedded/6.2 2016q4/bin/../lib/gcc/arm-none-eabi/6.2.1/../../../../arm-none-eabi/lib/thumb/v7e-m\libg_nano.a(lib_a-nano-vfprintf_i.o)
                              c:/program files (x86)/gnu tools arm embedded/6.2 2016q4/bin/../lib/gcc/arm-none-eabi/6.2.1/../../../../arm-none-eabi/lib/thumb/v7e-m\libg_nano.a(lib_a-nano-svfprintf.o) (_printf_i)
c:/program files (x86)/gnu tools arm embedded/6.2 2016q4/bin/../lib/gcc/arm-none-eabi/6.2.1/../../../../arm-none-eabi/lib/thumb/v7e-m\libg_nano.a(lib_a-memchr.o)
                              c:/program files (x86)/gnu tools arm embedded/6.2 2016q4/bin/../lib/gcc/arm-none-eabi/6.2.1/../../../../arm-none-eabi/lib/thumb/v7e-m\libg_nano.a(lib_a-nano-svfprintf.o) (memchr)
c:/program files (x86)/gnu tools arm embedded/6.2 2016q4/bin/../lib/gcc/arm-none-eabi/6.2.1/../../../../arm-none-eabi/lib/thumb/v7e-m\libg_nano.a(lib_a-memcpy-stub.o)
                              c:/program files (x86)/gnu tools arm embedded/6.2 2016q4/bin/../lib/gcc/arm-none-eabi/6.2.1/../../../../arm-none-eabi/lib/thumb/v7e-m\libg_nano.a(lib_a-nano-svfprintf.o) (memcpy)
c:/program files (x86)/gnu tools arm embedded/6.2 2016q4/bin/../lib/gcc/arm-none-eabi/6.2.1/../../../../arm-none-eabi/lib/thumb/v7e-m\libg_nano.a(lib_a-memmove.o)
                              c:/program files (x86)/gnu tools arm embedded/6.2 2016q4/bin/../lib/gcc/arm-none-eabi/6.2.1/../../../../arm-none-eabi/lib/thumb/v7e-m\libg_nano.a(lib_a-nano-svfprintf.o) (memmove)
c:/program files (x86)/gnu tools arm embedded/6.2 2016q4/bin/../lib/gcc/arm-none-eabi/6.2.1/../../../../arm-none-eabi/lib/thumb/v7e-m\libg_nano.a(lib_a-nano-freer.o)
                              c:/program files (x86)/gnu tools arm embedded/6.2 2016q4/bin/../lib/gcc/arm-none-eabi/6.2.1/../../../../arm-none-eabi/lib/thumb/v7e-m\libg_nano.a(lib_a-nano-svfprintf.o) (_free_r)
c:/program files (x86)/gnu tools arm embedded/6.2 2016q4/bin/../lib/gcc/arm-none-eabi/6.2.1/../../../../arm-none-eabi/lib/thumb/v7e-m\libg_nano.a(lib_a-nano-mallocr.o)
                              c:/program files (x86)/gnu tools arm embedded/6.2 2016q4/bin/../lib/gcc/arm-none-eabi/6.2.1/../../../../arm-none-eabi/lib/thumb/v7e-m\libg_nano.a(lib_a-nano-svfprintf.o) (_malloc_r)
c:/program files (x86)/gnu tools arm embedded/6.2 2016q4/bin/../lib/gcc/arm-none-eabi/6.2.1/../../../../arm-none-eabi/lib/thumb/v7e-m\libg_nano.a(lib_a-nano-reallocr.o)
                              c:/program files (x86)/gnu tools arm embedded/6.2 2016q4/bin/../lib/gcc/arm-none-eabi/6.2.1/../../../../arm-none-eabi/lib/thumb/v7e-m\libg_nano.a(lib_a-nano-svfprintf.o) (_realloc_r)
c:/program files (x86)/gnu tools arm embedded/6.2 2016q4/bin/../lib/gcc/arm-none-eabi/6.2.1/../../../../arm-none-eabi/lib/thumb/v7e-m\libg_nano.a(lib_a-sbrkr.o)
                              c:/program files (x86)/gnu tools arm embedded/6.2 2016q4/bin/../lib/gcc/arm-none-eabi/6.2.1/../../../../arm-none-eabi/lib/thumb/v7e-m\libg_nano.a(lib_a-nano-mallocr.o) (_sbrk_r)
c:/program files (x86)/gnu tools arm embedded/6.2 2016q4/bin/../lib/gcc/arm-none-eabi/6.2.1/../../../../arm-none-eabi/lib/thumb/v7e-m\libg_nano.a(lib_a-mlock.o)
                              c:/program files (x86)/gnu tools arm embedded/6.2 2016q4/bin/../lib/gcc/arm-none-eabi/6.2.1/../../../../arm-none-eabi/lib/thumb/v7e-m\libg_nano.a(lib_a-nano-freer.o) (__malloc_lock)
[...]
Memory Configuration

Name             Origin             Length             Attributes
RAM              0x20000000         0x00020000         xrw
CCMRAM           0x10000000         0x00010000         xrw
FLASH            0x08000000         0x00080000         xr
FLASHB1          0x00000000         0x00000000         xr
EXTMEMB0         0x00000000         0x00000000         xr
EXTMEMB1         0x00000000         0x00000000         xr
EXTMEMB2         0x00000000         0x00000000         xr
EXTMEMB3         0x00000000         0x00000000         xr
MEMORY_ARRAY     0x20002000         0x00000020         xrw
*default*        0x00000000         0xffffffff

Linker script and memory map

LOAD ./system/src/stm32f4-hal/stm32f4xx_hal.o
LOAD ./system/src/stm32f4-hal/stm32f4xx_hal_cortex.o
LOAD ./system/src/stm32f4-hal/stm32f4xx_hal_dfsdm.o
LOAD ./system/src/stm32f4-hal/stm32f4xx_hal_flash.o
LOAD ./system/src/stm32f4-hal/stm32f4xx_hal_gpio.o
LOAD ./system/src/stm32f4-hal/stm32f4xx_hal_iwdg.o
LOAD ./system/src/stm32f4-hal/stm32f4xx_hal_pwr.o
LOAD ./system/src/stm32f4-hal/stm32f4xx_hal_rcc.o
LOAD ./system/src/newlib/_cxx.o
LOAD ./system/src/newlib/_exit.o
LOAD ./system/src/newlib/_sbrk.o
LOAD ./system/src/newlib/_startup.o
LOAD ./system/src/newlib/_syscalls.o
LOAD ./system/src/newlib/assert.o
LOAD ./system/src/diag/Trace.o
LOAD ./system/src/diag/trace_impl.o
LOAD ./system/src/cortexm/_initialize_hardware.o
LOAD ./system/src/cortexm/_reset_hardware.o
LOAD ./system/src/cortexm/exception_handlers.o
LOAD ./system/src/cmsis/system_stm32f4xx.o
LOAD ./system/src/cmsis/vectors_stm32f446xx.o
LOAD ./src/_initialize_hardware.o
LOAD ./src/_write.o
LOAD ./src/adc.o
LOAD ./src/gpio.o
LOAD ./src/main.o
LOAD ./src/spi.o
LOAD ./src/stm32f4xx_hal_msp.o
LOAD ./src/timer.o
LOAD c:/program files (x86)/gnu tools arm embedded/6.2 2016q4/bin/../lib/gcc/arm-none-eabi/6.2.1/../../../../arm-none-eabi/lib/thumb/v7e-m\libstdc++_nano.a
LOAD c:/program files (x86)/gnu tools arm embedded/6.2 2016q4/bin/../lib/gcc/arm-none-eabi/6.2.1/../../../../arm-none-eabi/lib/thumb/v7e-m\libm.a
START GROUP
LOAD c:/program files (x86)/gnu tools arm embedded/6.2 2016q4/bin/../lib/gcc/arm-none-eabi/6.2.1/thumb/v7e-m\libgcc.a
LOAD c:/program files (x86)/gnu tools arm embedded/6.2 2016q4/bin/../lib/gcc/arm-none-eabi/6.2.1/../../../../arm-none-eabi/lib/thumb/v7e-m\libg_nano.a
LOAD c:/program files (x86)/gnu tools arm embedded/6.2 2016q4/bin/../lib/gcc/arm-none-eabi/6.2.1/../../../../arm-none-eabi/lib/thumb/v7e-m\libc_nano.a
END GROUP
START GROUP
LOAD c:/program files (x86)/gnu tools arm embedded/6.2 2016q4/bin/../lib/gcc/arm-none-eabi/6.2.1/thumb/v7e-m\libgcc.a
LOAD c:/program files (x86)/gnu tools arm embedded/6.2 2016q4/bin/../lib/gcc/arm-none-eabi/6.2.1/../../../../arm-none-eabi/lib/thumb/v7e-m\libc_nano.a
END GROUP
                0x20020000                __stack = (ORIGIN (RAM) + LENGTH (RAM))
                0x20020000                _estack = __stack
                0x00000400                __Main_Stack_Size = 0x400
                [!provide]                PROVIDE (_Main_Stack_Size, __Main_Stack_Size)
                0x2001fc00                __Main_Stack_Limit = (__stack - __Main_Stack_Size)
                [!provide]                PROVIDE (_Main_Stack_Limit, __Main_Stack_Limit)
                0x00000100                _Minimum_Stack_Size = 0x100
                0x20000120                PROVIDE (_Heap_Begin, _end_noinit)
                0x2001fc00                PROVIDE (_Heap_Limit, (__stack - __Main_Stack_Size))

.isr_vector     0x08000000      0x424
 FILL mask 0xff
                0x08000000                __vectors_start = ABSOLUTE (.)
                0x08000000                __vectors_start__ = ABSOLUTE (.)
 *(.isr_vector)
 .isr_vector    0x08000000      0x1c4 ./system/src/cmsis/vectors_stm32f446xx.o
                0x08000000                __isr_vectors
 *(.cfmconfig)
 *(.after_vectors .after_vectors.*)
 .after_vectors
                0x080001c4      0x130 ./system/src/newlib/_startup.o
                0x080001c4                _start
 .after_vectors
                0x080002f4      0x12c ./system/src/cortexm/exception_handlers.o
                0x080002f4                Reset_Handler
                0x080002fa                NMI_Handler
                0x080002fe                HardFault_Handler
                0x08000312                HardFault_Handler_C
                0x08000370                MemManage_Handler
                0x08000374                BusFault_Handler
                0x08000388                BusFault_Handler_C
                0x080003bc                UsageFault_Handler
                0x080003d0                UsageFault_Handler_C
                0x08000404                SVC_Handler
                0x08000408                DebugMon_Handler
                0x0800040c                PendSV_Handler
                0x08000410                SysTick_Handler
 .after_vectors
                0x08000420        0x4 ./system/src/cmsis/vectors_stm32f446xx.o
                0x08000420                RTC_Alarm_IRQHandler
                0x08000420                EXTI2_IRQHandler
                0x08000420                TIM8_CC_IRQHandler
                0x08000420                SPI4_IRQHandler
                0x08000420                TIM1_CC_IRQHandler
                0x08000420                DMA2_Stream5_IRQHandler
                0x08000420                DMA1_Stream5_IRQHandler
                0x08000420                PVD_IRQHandler
                0x08000420                SDIO_IRQHandler
                0x08000420                TAMP_STAMP_IRQHandler
                0x08000420                CAN2_RX1_IRQHandler
                0x08000420                EXTI3_IRQHandler
                0x08000420                TIM8_TRG_COM_TIM14_IRQHandler
                0x08000420                TIM1_UP_TIM10_IRQHandler
                0x08000420                TIM8_UP_TIM13_IRQHandler
                0x08000420                I2C3_ER_IRQHandler
                0x08000420                I2C2_EV_IRQHandler
                0x08000420                DMA1_Stream2_IRQHandler
                0x08000420                CAN1_RX0_IRQHandler
                0x08000420                FPU_IRQHandler
                0x08000420                OTG_HS_WKUP_IRQHandler
                0x08000420                CAN2_SCE_IRQHandler
                0x08000420                DMA2_Stream2_IRQHandler
                0x08000420                SPI1_IRQHandler
                0x08000420                TIM6_DAC_IRQHandler
                0x08000420                TIM1_BRK_TIM9_IRQHandler
                0x08000420                DCMI_IRQHandler
                0x08000420                CAN2_RX0_IRQHandler
                0x08000420                DMA2_Stream3_IRQHandler
                0x08000420                SAI2_IRQHandler
                0x08000420                USART6_IRQHandler
                0x08000420                USART3_IRQHandler
                0x08000420                CAN1_RX1_IRQHandler
                0x08000420                UART5_IRQHandler
                0x08000420                DMA2_Stream0_IRQHandler
                0x08000420                I2C4_Error_IRQHandler
                0x08000420                TIM4_IRQHandler
                0x08000420                QUADSPI_IRQHandler
                0x08000420                I2C1_EV_IRQHandler
                0x08000420                DMA1_Stream6_IRQHandler
                0x08000420                DMA1_Stream1_IRQHandler
                0x08000420                UART4_IRQHandler
                0x08000420                TIM3_IRQHandler
                0x08000420                RCC_IRQHandler
                0x08000420                TIM8_BRK_TIM12_IRQHandler
                0x08000420                Default_Handler
                0x08000420                CEC_IRQHandler
                0x08000420                EXTI15_10_IRQHandler
                0x08000420                DMA1_Stream7_IRQHandler
                0x08000420                TIM7_IRQHandler
                0x08000420                CAN2_TX_IRQHandler
                0x08000420                TIM5_IRQHandler
                0x08000420                DMA2_Stream7_IRQHandler
                0x08000420                I2C3_EV_IRQHandler
                0x08000420                EXTI9_5_IRQHandler
                0x08000420                RTC_WKUP_IRQHandler
                0x08000420                SPDIF_RX_IRQHandler
                0x08000420                SPI2_IRQHandler
                0x08000420                OTG_HS_EP1_IN_IRQHandler
                0x08000420                DMA1_Stream0_IRQHandler
                0x08000420                CAN1_TX_IRQHandler
                0x08000420                EXTI4_IRQHandler
                0x08000420                OTG_HS_EP1_OUT_IRQHandler
                0x08000420                WWDG_IRQHandler
                0x08000420                OTG_FS_WKUP_IRQHandler
                0x08000420                TIM1_TRG_COM_TIM11_IRQHandler
                0x08000420                OTG_HS_IRQHandler
                0x08000420                USART2_IRQHandler
                0x08000420                I2C2_ER_IRQHandler
                0x08000420                DMA2_Stream1_IRQHandler
                0x08000420                CAN1_SCE_IRQHandler
                0x08000420                FLASH_IRQHandler
                0x08000420                DMA2_Stream4_IRQHandler
                0x08000420                USART1_IRQHandler
                0x08000420                OTG_FS_IRQHandler
                0x08000420                SPI3_IRQHandler
                0x08000420                DMA1_Stream4_IRQHandler
                0x08000420                I2C1_ER_IRQHandler
                0x08000420                FMC_IRQHandler
                0x08000420                I2C4_Event_IRQHandler
                0x08000420                DMA2_Stream6_IRQHandler
                0x08000420                SAI1_IRQHandler
                0x08000420                DMA1_Stream3_IRQHandler

.inits          0x08000424       0x28
                0x08000424                __data_regions_array_start = .
                0x08000424        0x4 LONG 0x8002048 LOADADDR (.data)
                0x08000428        0x4 LONG 0x20000000 ADDR (.data)
                0x0800042c        0x4 LONG 0x20000078 (ADDR (.data) + SIZEOF (.data))
                0x08000430        0x4 LONG 0x8002048 LOADADDR (.data_CCMRAM)
                0x08000434        0x4 LONG 0x10000000 ADDR (.data_CCMRAM)
                0x08000438        0x4 LONG 0x10000000 (ADDR (.data_CCMRAM) + SIZEOF (.data_CCMRAM))
                0x0800043c                __data_regions_array_end = .
                0x0800043c                __bss_regions_array_start = .
                0x0800043c        0x4 LONG 0x20000078 ADDR (.bss)
                0x08000440        0x4 LONG 0x20000120 (ADDR (.bss) + SIZEOF (.bss))
                0x08000444        0x4 LONG 0x10000000 ADDR (.bss_CCMRAM)
                0x08000448        0x4 LONG 0x10000000 (ADDR (.bss_CCMRAM) + SIZEOF (.bss_CCMRAM))
                0x0800044c                __bss_regions_array_end = .
 *(.init)
 *(.fini)
                0x0800044c                . = ALIGN (0x4)
                0x0800044c                PROVIDE (__preinit_array_start, .)
 *(.preinit_array_sysinit .preinit_array_sysinit.*)
 *(.preinit_array_platform .preinit_array_platform.*)
 *(.preinit_array .preinit_array.*)
                0x0800044c                PROVIDE (__preinit_array_end, .)
                0x0800044c                . = ALIGN (0x4)
                0x0800044c                PROVIDE (__init_array_start, .)
 *(SORT(.init_array.*))
 *(.init_array)
                0x0800044c                PROVIDE (__init_array_end, .)
                0x0800044c                . = ALIGN (0x4)
                0x0800044c                PROVIDE (__fini_array_start, .)
 *(SORT(.fini_array.*))
 *(.fini_array)
                0x0800044c                PROVIDE (__fini_array_end, .)

.flashtext
 *(.flashtext .flashtext.*)

.text           0x08000450     0x1bf7
 *(.text .text.*)
 .text.HAL_InitTick
                0x08000450       0x2c ./system/src/stm32f4-hal/stm32f4xx_hal.o
                0x08000450                HAL_InitTick
 .text.HAL_Init
                0x0800047c       0x34 ./system/src/stm32f4-hal/stm32f4xx_hal.o
                0x0800047c                HAL_Init
 .text.HAL_GetTick
                0x080004b0        0xc ./system/src/stm32f4-hal/stm32f4xx_hal.o
                0x080004b0                HAL_GetTick
 .text.HAL_NVIC_SetPriorityGrouping
                0x080004bc       0x3c ./system/src/stm32f4-hal/stm32f4xx_hal_cortex.o
                0x080004bc                HAL_NVIC_SetPriorityGrouping
 .text.HAL_NVIC_SetPriority
                0x080004f8       0x88 ./system/src/stm32f4-hal/stm32f4xx_hal_cortex.o
                0x080004f8                HAL_NVIC_SetPriority
 .text.HAL_SYSTICK_Config
                0x08000580       0x2c ./system/src/stm32f4-hal/stm32f4xx_hal_cortex.o
                0x08000580                HAL_SYSTICK_Config
 .text.HAL_SYSTICK_CLKSourceConfig
                0x080005ac       0x3c ./system/src/stm32f4-hal/stm32f4xx_hal_cortex.o
                0x080005ac                HAL_SYSTICK_CLKSourceConfig
 .text.HAL_RCC_OscConfig
                0x080005e8      0x42c ./system/src/stm32f4-hal/stm32f4xx_hal_rcc.o
                0x080005e8                HAL_RCC_OscConfig
 .text.HAL_RCC_GetSysClockFreq
                0x08000a14       0x94 ./system/src/stm32f4-hal/stm32f4xx_hal_rcc.o
                0x08000a14                HAL_RCC_GetSysClockFreq
 .text.HAL_RCC_ClockConfig
                0x08000aa8      0x250 ./system/src/stm32f4-hal/stm32f4xx_hal_rcc.o
                0x08000aa8                HAL_RCC_ClockConfig
 .text.HAL_RCC_GetHCLKFreq
                0x08000cf8        0xc ./system/src/stm32f4-hal/stm32f4xx_hal_rcc.o
                0x08000cf8                HAL_RCC_GetHCLKFreq
 .text._exit    0x08000d04        0x2 ./system/src/newlib/_exit.o
                0x08000d04                _exit
 *fill*         0x08000d06        0x2 
 .text.abort    0x08000d08       0x14 ./system/src/newlib/_exit.o
                0x08000d08                abort
 .text._sbrk    0x08000d1c       0x44 ./system/src/newlib/_sbrk.o
                0x08000d1c                _sbrk
 .text.__initialize_args
                0x08000d60       0x10 ./system/src/newlib/_syscalls.o
                0x08000d60                __initialize_args
 .text.assert_failed
                0x08000d70       0x14 ./system/src/newlib/assert.o
                0x08000d70                assert_failed
 .text.trace_printf
                0x08000d84       0x30 ./system/src/diag/Trace.o
                0x08000d84                trace_printf
 .text.trace_puts
                0x08000db4       0x20 ./system/src/diag/Trace.o
                0x08000db4                trace_puts
 .text._trace_write_semihosting_debug
                0x08000dd4       0x60 ./system/src/diag/trace_impl.o
 .text.trace_write
                0x08000e34        0x8 ./system/src/diag/trace_impl.o
                0x08000e34                trace_write
 .text.__initialize_hardware_early
                0x08000e3c       0x18 ./system/src/cortexm/_initialize_hardware.o
                0x08000e3c                __initialize_hardware_early
 .text.dumpExceptionStack
                0x08000e54       0xf4 ./system/src/cortexm/exception_handlers.o
                0x08000e54                dumpExceptionStack
 .text.isSemihosting
                0x08000f48       0x20 ./system/src/cortexm/exception_handlers.o
                0x08000f48                isSemihosting
 .text.SystemInit
                0x08000f68       0x40 ./system/src/cmsis/system_stm32f4xx.o
                0x08000f68                SystemInit
 .text.SystemCoreClockUpdate
                0x08000fa8       0xa0 ./system/src/cmsis/system_stm32f4xx.o
                0x08000fa8                SystemCoreClockUpdate
 .text.SystemClock_Config
                0x08001048       0x9c ./src/_initialize_hardware.o
                0x08001048                SystemClock_Config
 .text.__initialize_hardware
                0x080010e4       0x10 ./src/_initialize_hardware.o
                0x080010e4                __initialize_hardware
 .text.adc_init
                0x080010f4       0x50 ./src/adc.o
                0x080010f4                adc_init
 .text.adc_start
                0x08001144       0x24 ./src/adc.o
                0x08001144                adc_start
 .text.ADC_IRQHandler
                0x08001168       0x40 ./src/adc.o
                0x08001168                ADC_IRQHandler
 .text.gpio_led_init
                0x080011a8       0x30 ./src/gpio.o
                0x080011a8                gpio_led_init
 .text.gpio_led_set
                0x080011d8      0x10c ./src/gpio.o
                0x080011d8                gpio_led_set
 .text.gpio_button_init
                0x080012e4       0x40 ./src/gpio.o
                0x080012e4                gpio_button_init
 .text.EXTI1_IRQHandler
                0x08001324       0x30 ./src/gpio.o
                0x08001324                EXTI1_IRQHandler
 .text.EXTI0_IRQHandler
                0x08001354       0x30 ./src/gpio.o
                0x08001354                EXTI0_IRQHandler
 .text.main     0x08001384       0x2c ./src/main.o
                0x08001384                main
 .text.spi_out  0x080013b0       0x44 ./src/spi.o
                0x080013b0                spi_out
 .text.WM8731_CW
                0x080013f4        0xe ./src/spi.o
                0x080013f4                WM8731_CW
 .text.WM8731_config_reset
                0x08001402        0xc ./src/spi.o
                0x08001402                WM8731_config_reset
 *fill*         0x0800140e        0x2 
 .text.spi_init
                0x08001410       0x68 ./src/spi.o
                0x08001410                spi_init
 .text.WM8731_forward_mic
                0x08001478       0x16 ./src/spi.o
                0x08001478                WM8731_forward_mic
 .text.HAL_MspInit
                0x0800148e        0x2 ./src/stm32f4xx_hal_msp.o
                0x0800148e                HAL_MspInit
 .text.timer_init
                0x08001490       0x48 ./src/timer.o
                0x08001490                timer_init
 .text.TIM2_IRQHandler
                0x080014d8        0xa ./src/timer.o
                0x080014d8                TIM2_IRQHandler
 *fill*         0x080014e2        0x2 
 .text.__errno  0x080014e4        0xc c:/program files (x86)/gnu tools arm embedded/6.2 2016q4/bin/../lib/gcc/arm-none-eabi/6.2.1/../../../../arm-none-eabi/lib/thumb/v7e-m\libg_nano.a(lib_a-errno.o)
                0x080014e4                __errno
 .text          0x080014f0       0x10 c:/program files (x86)/gnu tools arm embedded/6.2 2016q4/bin/../lib/gcc/arm-none-eabi/6.2.1/../../../../arm-none-eabi/lib/thumb/v7e-m\libg_nano.a(lib_a-strlen.o)
                0x080014f0                strlen
 .text._vsnprintf_r
                0x08001500       0x58 c:/program files (x86)/gnu tools arm embedded/6.2 2016q4/bin/../lib/gcc/arm-none-eabi/6.2.1/../../../../arm-none-eabi/lib/thumb/v7e-m\libg_nano.a(lib_a-vsnprintf.o)
                0x08001500                _vsniprintf_r
                0x08001500                _vsnprintf_r
 .text.vsnprintf
                0x08001558       0x1c c:/program files (x86)/gnu tools arm embedded/6.2 2016q4/bin/../lib/gcc/arm-none-eabi/6.2.1/../../../../arm-none-eabi/lib/thumb/v7e-m\libg_nano.a(lib_a-vsnprintf.o)
                0x08001558                vsniprintf
                0x08001558                vsnprintf
 .text.__ssputs_r
                0x08001574       0xb6 c:/program files (x86)/gnu tools arm embedded/6.2 2016q4/bin/../lib/gcc/arm-none-eabi/6.2.1/../../../../arm-none-eabi/lib/thumb/v7e-m\libg_nano.a(lib_a-nano-svfprintf.o)
                0x08001574                __ssputs_r
 *fill*         0x0800162a        0x2 
 .text._svfprintf_r
                0x0800162c      0x1e8 c:/program files (x86)/gnu tools arm embedded/6.2 2016q4/bin/../lib/gcc/arm-none-eabi/6.2.1/../../../../arm-none-eabi/lib/thumb/v7e-m\libg_nano.a(lib_a-nano-svfprintf.o)
                0x0800162c                _svfiprintf_r
                0x0800162c                _svfprintf_r
 .text._printf_common
                0x08001814       0xec c:/program files (x86)/gnu tools arm embedded/6.2 2016q4/bin/../lib/gcc/arm-none-eabi/6.2.1/../../../../arm-none-eabi/lib/thumb/v7e-m\libg_nano.a(lib_a-nano-vfprintf_i.o)
                0x08001814                _printf_common
 .text._printf_i
                0x08001900      0x240 c:/program files (x86)/gnu tools arm embedded/6.2 2016q4/bin/../lib/gcc/arm-none-eabi/6.2.1/../../../../arm-none-eabi/lib/thumb/v7e-m\libg_nano.a(lib_a-nano-vfprintf_i.o)
                0x08001900                _printf_i
 .text          0x08001b40       0xa0 c:/program files (x86)/gnu tools arm embedded/6.2 2016q4/bin/../lib/gcc/arm-none-eabi/6.2.1/../../../../arm-none-eabi/lib/thumb/v7e-m\libg_nano.a(lib_a-memchr.o)
                0x08001b40                memchr
 .text.memcpy   0x08001be0       0x16 c:/program files (x86)/gnu tools arm embedded/6.2 2016q4/bin/../lib/gcc/arm-none-eabi/6.2.1/../../../../arm-none-eabi/lib/thumb/v7e-m\libg_nano.a(lib_a-memcpy-stub.o)
                0x08001be0                memcpy
 .text.memmove  0x08001bf6       0x34 c:/program files (x86)/gnu tools arm embedded/6.2 2016q4/bin/../lib/gcc/arm-none-eabi/6.2.1/../../../../arm-none-eabi/lib/thumb/v7e-m\libg_nano.a(lib_a-memmove.o)
                0x08001bf6                memmove
 *fill*         0x08001c2a        0x2 
 .text._free_r  0x08001c2c       0x9c c:/program files (x86)/gnu tools arm embedded/6.2 2016q4/bin/../lib/gcc/arm-none-eabi/6.2.1/../../../../arm-none-eabi/lib/thumb/v7e-m\libg_nano.a(lib_a-nano-freer.o)
                0x08001c2c                _free_r
 .text._malloc_r
                0x08001cc8       0xbc c:/program files (x86)/gnu tools arm embedded/6.2 2016q4/bin/../lib/gcc/arm-none-eabi/6.2.1/../../../../arm-none-eabi/lib/thumb/v7e-m\libg_nano.a(lib_a-nano-mallocr.o)
                0x08001cc8                _malloc_r
 .text._realloc_r
                0x08001d84       0x4c c:/program files (x86)/gnu tools arm embedded/6.2 2016q4/bin/../lib/gcc/arm-none-eabi/6.2.1/../../../../arm-none-eabi/lib/thumb/v7e-m\libg_nano.a(lib_a-nano-reallocr.o)
                0x08001d84                _realloc_r
 .text._sbrk_r  0x08001dd0       0x20 c:/program files (x86)/gnu tools arm embedded/6.2 2016q4/bin/../lib/gcc/arm-none-eabi/6.2.1/../../../../arm-none-eabi/lib/thumb/v7e-m\libg_nano.a(lib_a-sbrkr.o)
                0x08001dd0                _sbrk_r
 .text.__malloc_lock
                0x08001df0        0x2 c:/program files (x86)/gnu tools arm embedded/6.2 2016q4/bin/../lib/gcc/arm-none-eabi/6.2.1/../../../../arm-none-eabi/lib/thumb/v7e-m\libg_nano.a(lib_a-mlock.o)
                0x08001df0                __malloc_lock
 .text.__malloc_unlock
                0x08001df2        0x2 c:/program files (x86)/gnu tools arm embedded/6.2 2016q4/bin/../lib/gcc/arm-none-eabi/6.2.1/../../../../arm-none-eabi/lib/thumb/v7e-m\libg_nano.a(lib_a-mlock.o)
                0x08001df2                __malloc_unlock
 .text._malloc_usable_size_r
                0x08001df4       0x12 c:/program files (x86)/gnu tools arm embedded/6.2 2016q4/bin/../lib/gcc/arm-none-eabi/6.2.1/../../../../arm-none-eabi/lib/thumb/v7e-m\libg_nano.a(lib_a-nano-msizer.o)
                0x08001df4                _malloc_usable_size_r
 *(.rodata .rodata.* .constdata .constdata.*)
 *fill*         0x08001e06        0x2 
 .rodata.HAL_NVIC_SetPriorityGrouping.str1.4
                0x08001e08       0x31 ./system/src/stm32f4-hal/stm32f4xx_hal_cortex.o
 *fill*         0x08001e39        0x3 
 .rodata.APBAHBPrescTable
                0x08001e3c       0x10 ./system/src/stm32f4-hal/stm32f4xx_hal_rcc.o
                0x08001e3c                APBAHBPrescTable
 .rodata.HAL_RCC_OscConfig.str1.4
                0x08001e4c       0x2e ./system/src/stm32f4-hal/stm32f4xx_hal_rcc.o
 *fill*         0x08001e7a        0x2 
 .rodata.abort.str1.4
                0x08001e7c       0x14 ./system/src/newlib/_exit.o
 .rodata.assert_failed.str1.4
                0x08001e90       0x2b ./system/src/newlib/assert.o
 .rodata.trace_puts.str1.4
                0x08001ebb       0x2b ./system/src/diag/Trace.o
                                  0x2 (size before relaxing)
 *fill*         0x08001ebb        0x1 
 .rodata.dumpExceptionStack.str1.4
                0x08001ebc      0x11a ./system/src/cortexm/exception_handlers.o
 *fill*         0x08001fd6        0x2 
 .rodata.str1.4
                0x08001fd8       0x2c ./system/src/cortexm/exception_handlers.o
                                 0x2a (size before relaxing)
 .rodata.AHBPrescTable
                0x08002004       0x10 ./system/src/cmsis/system_stm32f4xx.o
                0x08002004                AHBPrescTable
 .rodata._svfprintf_r.str1.1
                0x08002014       0x11 c:/program files (x86)/gnu tools arm embedded/6.2 2016q4/bin/../lib/gcc/arm-none-eabi/6.2.1/../../../../arm-none-eabi/lib/thumb/v7e-m\libg_nano.a(lib_a-nano-svfprintf.o)
 .rodata._printf_i.str1.1
                0x08002025       0x22 c:/program files (x86)/gnu tools arm embedded/6.2 2016q4/bin/../lib/gcc/arm-none-eabi/6.2.1/../../../../arm-none-eabi/lib/thumb/v7e-m\libg_nano.a(lib_a-nano-vfprintf_i.o)
 *(vtable)
 *(.eh_frame*)
 *(.glue_7)
 .glue_7        0x08002047        0x0 linker stubs
 *(.glue_7t)
 .glue_7t       0x08002047        0x0 linker stubs

.vfp11_veneer   0x08002048        0x0
 .vfp11_veneer  0x08002048        0x0 linker stubs

.v4_bx          0x08002048        0x0
 .v4_bx         0x08002048        0x0 linker stubs

.iplt           0x08002048        0x0
 .iplt          0x08002048        0x0 ./system/src/stm32f4-hal/stm32f4xx_hal.o

.rel.dyn        0x08002048        0x0
 .rel.iplt      0x08002048        0x0 ./system/src/stm32f4-hal/stm32f4xx_hal.o

.ARM.extab
 *(.ARM.extab* .gnu.linkonce.armextab.*)
                0x08002048                . = ALIGN (0x4)
                0x08002048                __exidx_start = .

.ARM.exidx
 *(.ARM.exidx* .gnu.linkonce.armexidx.*)
                0x08002048                __exidx_end = .
                0x08002048                . = ALIGN (0x4)
                0x08002048                _etext = .
                0x08002048                __etext = .

.data_CCMRAM    0x10000000        0x0 load address 0x08002048
 FILL mask 0xff
 *(.data.CCMRAM .data.CCMRAM.*)
                0x10000000                . = ALIGN (0x4)
                0x08002048                _sidata = LOADADDR (.data)

.data           0x20000000       0x78 load address 0x08002048
 FILL mask 0xff
                0x20000000                _sdata = .
                0x20000000                __data_start__ = .
 *(.data_begin .data_begin.*)
 .data_begin    0x20000000        0x4 ./system/src/newlib/_startup.o
 *(.data .data.*)
 .data.argv.4243
                0x20000004        0x8 ./system/src/newlib/_syscalls.o
 .data.SystemCoreClock
                0x2000000c        0x4 ./system/src/cmsis/system_stm32f4xx.o
                0x2000000c                SystemCoreClock
 .data._impure_ptr
                0x20000010        0x4 c:/program files (x86)/gnu tools arm embedded/6.2 2016q4/bin/../lib/gcc/arm-none-eabi/6.2.1/../../../../arm-none-eabi/lib/thumb/v7e-m\libg_nano.a(lib_a-impure.o)
                0x20000010                _impure_ptr
 .data.impure_data
                0x20000014       0x60 c:/program files (x86)/gnu tools arm embedded/6.2 2016q4/bin/../lib/gcc/arm-none-eabi/6.2.1/../../../../arm-none-eabi/lib/thumb/v7e-m\libg_nano.a(lib_a-impure.o)
 *(.data_end .data_end.*)
 .data_end      0x20000074        0x4 ./system/src/newlib/_startup.o
                0x20000078                . = ALIGN (0x4)
                0x20000078                _edata = .
                0x20000078                __data_end__ = .

.igot.plt       0x20000078        0x0 load address 0x080020c0
 .igot.plt      0x20000078        0x0 ./system/src/stm32f4-hal/stm32f4xx_hal.o

.bss_CCMRAM     0x10000000        0x0
 *(.bss.CCMRAM .bss.CCMRAM.*)

.bss            0x20000078       0xa8
                0x20000078                __bss_start__ = .
                0x20000078                _sbss = .
 *(.bss_begin .bss_begin.*)
 .bss_begin     0x20000078        0x4 ./system/src/newlib/_startup.o
 *(.bss .bss.*)
 .bss.current_heap_end.3927
                0x2000007c        0x4 ./system/src/newlib/_sbrk.o
 .bss.name.4242
                0x20000080        0x1 ./system/src/newlib/_syscalls.o
 *fill*         0x20000081        0x3 
 .bss.buf.5132  0x20000084       0x80 ./system/src/diag/Trace.o
 .bss.__malloc_free_list
                0x20000104        0x4 c:/program files (x86)/gnu tools arm embedded/6.2 2016q4/bin/../lib/gcc/arm-none-eabi/6.2.1/../../../../arm-none-eabi/lib/thumb/v7e-m\libg_nano.a(lib_a-nano-mallocr.o)
                0x20000104                __malloc_free_list
 .bss.__malloc_sbrk_start
                0x20000108        0x4 c:/program files (x86)/gnu tools arm embedded/6.2 2016q4/bin/../lib/gcc/arm-none-eabi/6.2.1/../../../../arm-none-eabi/lib/thumb/v7e-m\libg_nano.a(lib_a-nano-mallocr.o)
                0x20000108                __malloc_sbrk_start
 *(COMMON)
 COMMON         0x2000010c        0x4 ./system/src/stm32f4-hal/stm32f4xx_hal.o
                0x2000010c                uwTick
 COMMON         0x20000110        0x4 ./system/src/newlib/_syscalls.o
                0x20000110                errno
 COMMON         0x20000114        0x8 ./src/adc.o
                0x20000114                mode
                0x20000115                resetPin
                0x20000118                colorCount
 *(.bss_end .bss_end.*)
 .bss_end       0x2000011c        0x4 ./system/src/newlib/_startup.o
                0x20000120                . = ALIGN (0x4)
                0x20000120                __bss_end__ = .
                0x20000120                _ebss = .

.noinit_CCMRAM
 *(.noinit.CCMRAM .noinit.CCMRAM.*)

.noinit         0x20000120        0x0
                0x20000120                _noinit = .
 *(.noinit .noinit.*)
                0x20000120                . = ALIGN (0x4)
                0x20000120                _end_noinit = .
                [!provide]                PROVIDE (end, _end_noinit)
                [!provide]                PROVIDE (_end, _end_noinit)
                [!provide]                PROVIDE (__end, _end_noinit)
                [!provide]                PROVIDE (__end__, _end_noinit)

._check_stack   0x20000120      0x100
                0x20000220                . = (. + _Minimum_Stack_Size)
 *fill*         0x20000120      0x100 

.b1text
 *(.b1text)
 *(.b1rodata)
 *(.b1rodata.*)

.eb0text
 *(.eb0text)
 *(.eb0rodata)
 *(.eb0rodata.*)

.eb1text
 *(.eb1text)
 *(.eb1rodata)
 *(.eb1rodata.*)

.eb2text
 *(.eb2text)
 *(.eb2rodata)
 *(.eb2rodata.*)

.eb3text
 *(.eb3text)
 *(.eb3rodata)
 *(.eb3rodata.*)

.stab
 *(.stab)

.stabstr
 *(.stabstr)

.stab.excl
 *(.stab.excl)

.stab.exclstr
 *(.stab.exclstr)

.stab.index
 *(.stab.index)

.stab.indexstr
 *(.stab.indexstr)

.comment        0x00000000       0x6e
 *(.comment)
 .comment       0x00000000       0x6e ./system/src/stm32f4-hal/stm32f4xx_hal.o
                                 0x6f (size before relaxing)
 .comment       0x0000006e       0x6f ./system/src/stm32f4-hal/stm32f4xx_hal_cortex.o
 .comment       0x0000006e       0x6f ./system/src/stm32f4-hal/stm32f4xx_hal_rcc.o
 .comment       0x0000006e       0x6f ./system/src/newlib/_exit.o
 .comment       0x0000006e       0x6f ./system/src/newlib/_sbrk.o
 .comment       0x0000006e       0x6f ./system/src/newlib/_startup.o
 .comment       0x0000006e       0x6f ./system/src/newlib/_syscalls.o
 .comment       0x0000006e       0x6f ./system/src/newlib/assert.o
 .comment       0x0000006e       0x6f ./system/src/diag/Trace.o
 .comment       0x0000006e       0x6f ./system/src/diag/trace_impl.o
 .comment       0x0000006e       0x6f ./system/src/cortexm/_initialize_hardware.o
 .comment       0x0000006e       0x6f ./system/src/cortexm/exception_handlers.o
 .comment       0x0000006e       0x6f ./system/src/cmsis/system_stm32f4xx.o
 .comment       0x0000006e       0x6f ./system/src/cmsis/vectors_stm32f446xx.o
 .comment       0x0000006e       0x6f ./src/_initialize_hardware.o
 .comment       0x0000006e       0x6f ./src/adc.o
 .comment       0x0000006e       0x6f ./src/gpio.o
 .comment       0x0000006e       0x6f ./src/main.o
 .comment       0x0000006e       0x6f ./src/spi.o
 .comment       0x0000006e       0x6f ./src/stm32f4xx_hal_msp.o
 .comment       0x0000006e       0x6f ./src/timer.o

.ARM.attributes
                0x00000000       0x31
 .ARM.attributes
                0x00000000       0x33 ./system/src/stm32f4-hal/stm32f4xx_hal.o
 .ARM.attributes
                0x00000033       0x33 ./system/src/stm32f4-hal/stm32f4xx_hal_cortex.o
 .ARM.attributes
                0x00000066       0x33 ./system/src/stm32f4-hal/stm32f4xx_hal_rcc.o
 .ARM.attributes
                0x00000099       0x33 ./system/src/newlib/_exit.o
 .ARM.attributes
                0x000000cc       0x33 ./system/src/newlib/_sbrk.o
 .ARM.attributes
                0x000000ff       0x33 ./system/src/newlib/_startup.o
 .ARM.attributes
                0x00000132       0x33 ./system/src/newlib/_syscalls.o
 .ARM.attributes
                0x00000165       0x33 ./system/src/newlib/assert.o
 .ARM.attributes
                0x00000198       0x33 ./system/src/diag/Trace.o
 .ARM.attributes
                0x000001cb       0x33 ./system/src/diag/trace_impl.o
 .ARM.attributes
                0x000001fe       0x33 ./system/src/cortexm/_initialize_hardware.o
 .ARM.attributes
                0x00000231       0x33 ./system/src/cortexm/exception_handlers.o
 .ARM.attributes
                0x00000264       0x33 ./system/src/cmsis/system_stm32f4xx.o
 .ARM.attributes
                0x00000297       0x33 ./system/src/cmsis/vectors_stm32f446xx.o
 .ARM.attributes
                0x000002ca       0x33 ./src/_initialize_hardware.o
 .ARM.attributes
                0x000002fd       0x33 ./src/adc.o
 .ARM.attributes
                0x00000330       0x33 ./src/gpio.o
 .ARM.attributes
                0x00000363       0x33 ./src/main.o
 .ARM.attributes
                0x00000396       0x33 ./src/spi.o
 .ARM.attributes
                0x000003c9       0x33 ./src/stm32f4xx_hal_msp.o
 .ARM.attributes
                0x000003fc       0x33 ./src/timer.o
 .ARM.attributes
                0x0000042f       0x2e c:/program files (x86)/gnu tools arm embedded/6.2 2016q4/bin/../lib/gcc/arm-none-eabi/6.2.1/../../../../arm-none-eabi/lib/thumb/v7e-m\libg_nano.a(lib_a-errno.o)
 .ARM.attributes
                0x0000045d       0x2e c:/program files (x86)/gnu tools arm embedded/6.2 2016q4/bin/../lib/gcc/arm-none-eabi/6.2.1/../../../../arm-none-eabi/lib/thumb/v7e-m\libg_nano.a(lib_a-impure.o)
 .ARM.attributes
                0x0000048b       0x17 c:/program files (x86)/gnu tools arm embedded/6.2 2016q4/bin/../lib/gcc/arm-none-eabi/6.2.1/../../../../arm-none-eabi/lib/thumb/v7e-m\libg_nano.a(lib_a-strlen.o)
 .ARM.attributes
                0x000004a2       0x2e c:/program files (x86)/gnu tools arm embedded/6.2 2016q4/bin/../lib/gcc/arm-none-eabi/6.2.1/../../../../arm-none-eabi/lib/thumb/v7e-m\libg_nano.a(lib_a-vsnprintf.o)
 .ARM.attributes
                0x000004d0       0x2e c:/program files (x86)/gnu tools arm embedded/6.2 2016q4/bin/../lib/gcc/arm-none-eabi/6.2.1/../../../../arm-none-eabi/lib/thumb/v7e-m\libg_nano.a(lib_a-nano-svfprintf.o)
 .ARM.attributes
                0x000004fe       0x2e c:/program files (x86)/gnu tools arm embedded/6.2 2016q4/bin/../lib/gcc/arm-none-eabi/6.2.1/../../../../arm-none-eabi/lib/thumb/v7e-m\libg_nano.a(lib_a-nano-vfprintf_i.o)
 .ARM.attributes
                0x0000052c       0x1c c:/program files (x86)/gnu tools arm embedded/6.2 2016q4/bin/../lib/gcc/arm-none-eabi/6.2.1/../../../../arm-none-eabi/lib/thumb/v7e-m\libg_nano.a(lib_a-memchr.o)
 .ARM.attributes
                0x00000548       0x2e c:/program files (x86)/gnu tools arm embedded/6.2 2016q4/bin/../lib/gcc/arm-none-eabi/6.2.1/../../../../arm-none-eabi/lib/thumb/v7e-m\libg_nano.a(lib_a-memcpy-stub.o)
 .ARM.attributes
                0x00000576       0x2e c:/program files (x86)/gnu tools arm embedded/6.2 2016q4/bin/../lib/gcc/arm-none-eabi/6.2.1/../../../../arm-none-eabi/lib/thumb/v7e-m\libg_nano.a(lib_a-memmove.o)
 .ARM.attributes
                0x000005a4       0x2e c:/program files (x86)/gnu tools arm embedded/6.2 2016q4/bin/../lib/gcc/arm-none-eabi/6.2.1/../../../../arm-none-eabi/lib/thumb/v7e-m\libg_nano.a(lib_a-nano-freer.o)
 .ARM.attributes
                0x000005d2       0x2e c:/program files (x86)/gnu tools arm embedded/6.2 2016q4/bin/../lib/gcc/arm-none-eabi/6.2.1/../../../../arm-none-eabi/lib/thumb/v7e-m\libg_nano.a(lib_a-nano-mallocr.o)
 .ARM.attributes
                0x00000600       0x2e c:/program files (x86)/gnu tools arm embedded/6.2 2016q4/bin/../lib/gcc/arm-none-eabi/6.2.1/../../../../arm-none-eabi/lib/thumb/v7e-m\libg_nano.a(lib_a-nano-reallocr.o)
 .ARM.attributes
                0x0000062e       0x2e c:/program files (x86)/gnu tools arm embedded/6.2 2016q4/bin/../lib/gcc/arm-none-eabi/6.2.1/../../../../arm-none-eabi/lib/thumb/v7e-m\libg_nano.a(lib_a-sbrkr.o)
 .ARM.attributes
                0x0000065c       0x2e c:/program files (x86)/gnu tools arm embedded/6.2 2016q4/bin/../lib/gcc/arm-none-eabi/6.2.1/../../../../arm-none-eabi/lib/thumb/v7e-m\libg_nano.a(lib_a-mlock.o)
 .ARM.attributes
                0x0000068a       0x2e c:/program files (x86)/gnu tools arm embedded/6.2 2016q4/bin/../lib/gcc/arm-none-eabi/6.2.1/../../../../arm-none-eabi/lib/thumb/v7e-m\libg_nano.a(lib_a-nano-msizer.o)

.debug
 *(.debug)

.line
 *(.line)

.debug_srcinfo
 *(.debug_srcinfo)

.debug_sfnames
 *(.debug_sfnames)

.debug_aranges  0x00000000      0x5c0
 *(.debug_aranges)
 .debug_aranges
                0x00000000       0xc0 ./system/src/stm32f4-hal/stm32f4xx_hal.o
 .debug_aranges
                0x000000c0       0x98 ./system/src/stm32f4-hal/stm32f4xx_hal_cortex.o
 .debug_aranges
                0x00000158       0x88 ./system/src/stm32f4-hal/stm32f4xx_hal_rcc.o
 .debug_aranges
                0x000001e0       0x28 ./system/src/newlib/_exit.o
 .debug_aranges
                0x00000208       0x20 ./system/src/newlib/_sbrk.o
 .debug_aranges
                0x00000228       0x40 ./system/src/newlib/_startup.o
 .debug_aranges
                0x00000268       0x30 ./system/src/newlib/_syscalls.o
 .debug_aranges
                0x00000298       0x28 ./system/src/newlib/assert.o
 .debug_aranges
                0x000002c0       0x38 ./system/src/diag/Trace.o
 .debug_aranges
                0x000002f8       0x30 ./system/src/diag/trace_impl.o
 .debug_aranges
                0x00000328       0x28 ./system/src/cortexm/_initialize_hardware.o
 .debug_aranges
                0x00000350       0x90 ./system/src/cortexm/exception_handlers.o
 .debug_aranges
                0x000003e0       0x28 ./system/src/cmsis/system_stm32f4xx.o
 .debug_aranges
                0x00000408       0x20 ./system/src/cmsis/vectors_stm32f446xx.o
 .debug_aranges
                0x00000428       0x28 ./src/_initialize_hardware.o
 .debug_aranges
                0x00000450       0x38 ./src/adc.o
 .debug_aranges
                0x00000488       0x78 ./src/gpio.o
 .debug_aranges
                0x00000500       0x20 ./src/main.o
 .debug_aranges
                0x00000520       0x40 ./src/spi.o
 .debug_aranges
                0x00000560       0x38 ./src/stm32f4xx_hal_msp.o
 .debug_aranges
                0x00000598       0x28 ./src/timer.o

.debug_pubnames
 *(.debug_pubnames)

.debug_info     0x00000000    0x10e87
 *(.debug_info .gnu.linkonce.wi.*)
 .debug_info    0x00000000     0x113b ./system/src/stm32f4-hal/stm32f4xx_hal.o
 .debug_info    0x0000113b     0x1911 ./system/src/stm32f4-hal/stm32f4xx_hal_cortex.o
 .debug_info    0x00002a4c     0x178d ./system/src/stm32f4-hal/stm32f4xx_hal_rcc.o
 .debug_info    0x000041d9      0x952 ./system/src/newlib/_exit.o
 .debug_info    0x00004b2b      0x93e ./system/src/newlib/_sbrk.o
 .debug_info    0x00005469      0x4c7 ./system/src/newlib/_startup.o
 .debug_info    0x00005930      0xa15 ./system/src/newlib/_syscalls.o
 .debug_info    0x00006345      0x9fb ./system/src/newlib/assert.o
 .debug_info    0x00006d40      0xb26 ./system/src/diag/Trace.o
 .debug_info    0x00007866      0xb69 ./system/src/diag/trace_impl.o
 .debug_info    0x000083cf      0xada ./system/src/cortexm/_initialize_hardware.o
 .debug_info    0x00008ea9     0x1155 ./system/src/cortexm/exception_handlers.o
 .debug_info    0x00009ffe      0xd04 ./system/src/cmsis/system_stm32f4xx.o
 .debug_info    0x0000ad02       0xd1 ./system/src/cmsis/vectors_stm32f446xx.o
 .debug_info    0x0000add3      0xd46 ./src/_initialize_hardware.o
 .debug_info    0x0000bb19     0x10e4 ./src/adc.o
 .debug_info    0x0000cbfd     0x10ad ./src/gpio.o
 .debug_info    0x0000dcaa      0xbd8 ./src/main.o
 .debug_info    0x0000e882      0xd22 ./src/spi.o
 .debug_info    0x0000f5a4      0x90b ./src/stm32f4xx_hal_msp.o
 .debug_info    0x0000feaf      0xfd8 ./src/timer.o

.debug_abbrev   0x00000000     0x31b9
 *(.debug_abbrev)
 .debug_abbrev  0x00000000      0x329 ./system/src/stm32f4-hal/stm32f4xx_hal.o
 .debug_abbrev  0x00000329      0x3ef ./system/src/stm32f4-hal/stm32f4xx_hal_cortex.o
 .debug_abbrev  0x00000718      0x392 ./system/src/stm32f4-hal/stm32f4xx_hal_rcc.o
 .debug_abbrev  0x00000aaa      0x1f3 ./system/src/newlib/_exit.o
 .debug_abbrev  0x00000c9d      0x1fc ./system/src/newlib/_sbrk.o
 .debug_abbrev  0x00000e99      0x1e2 ./system/src/newlib/_startup.o
 .debug_abbrev  0x0000107b      0x234 ./system/src/newlib/_syscalls.o
 .debug_abbrev  0x000012af      0x1f3 ./system/src/newlib/assert.o
 .debug_abbrev  0x000014a2      0x276 ./system/src/diag/Trace.o
 .debug_abbrev  0x00001718      0x2e0 ./system/src/diag/trace_impl.o
 .debug_abbrev  0x000019f8      0x1de ./system/src/cortexm/_initialize_hardware.o
 .debug_abbrev  0x00001bd6      0x329 ./system/src/cortexm/exception_handlers.o
 .debug_abbrev  0x00001eff      0x216 ./system/src/cmsis/system_stm32f4xx.o
 .debug_abbrev  0x00002115       0x9d ./system/src/cmsis/vectors_stm32f446xx.o
 .debug_abbrev  0x000021b2      0x22d ./src/_initialize_hardware.o
 .debug_abbrev  0x000023df      0x2b1 ./src/adc.o
 .debug_abbrev  0x00002690      0x2cb ./src/gpio.o
 .debug_abbrev  0x0000295b      0x1ef ./src/main.o
 .debug_abbrev  0x00002b4a      0x25d ./src/spi.o
 .debug_abbrev  0x00002da7      0x1b1 ./src/stm32f4xx_hal_msp.o
 .debug_abbrev  0x00002f58      0x261 ./src/timer.o

.debug_line     0x00000000     0xb6a7
 *(.debug_line)
 .debug_line    0x00000000      0xc03 ./system/src/stm32f4-hal/stm32f4xx_hal.o
 .debug_line    0x00000c03      0xd03 ./system/src/stm32f4-hal/stm32f4xx_hal_cortex.o
 .debug_line    0x00001906      0xe84 ./system/src/stm32f4-hal/stm32f4xx_hal_rcc.o
 .debug_line    0x0000278a      0x34f ./system/src/newlib/_exit.o
 .debug_line    0x00002ad9      0x304 ./system/src/newlib/_sbrk.o
 .debug_line    0x00002ddd      0x3cc ./system/src/newlib/_startup.o
 .debug_line    0x000031a9      0x41c ./system/src/newlib/_syscalls.o
 .debug_line    0x000035c5      0x38a ./system/src/newlib/assert.o
 .debug_line    0x0000394f      0x3bb ./system/src/diag/Trace.o
 .debug_line    0x00003d0a      0xb3e ./system/src/diag/trace_impl.o
 .debug_line    0x00004848      0xaa7 ./system/src/cortexm/_initialize_hardware.o
 .debug_line    0x000052ef      0xbea ./system/src/cortexm/exception_handlers.o
 .debug_line    0x00005ed9      0xaaf ./system/src/cmsis/system_stm32f4xx.o
 .debug_line    0x00006988      0x105 ./system/src/cmsis/vectors_stm32f446xx.o
 .debug_line    0x00006a8d      0xaa0 ./src/_initialize_hardware.o
 .debug_line    0x0000752d      0xad0 ./src/adc.o
 .debug_line    0x00007ffd      0xb80 ./src/gpio.o
 .debug_line    0x00008b7d      0xaf0 ./src/main.o
 .debug_line    0x0000966d      0xaeb ./src/spi.o
 .debug_line    0x0000a158      0xaa1 ./src/stm32f4xx_hal_msp.o
 .debug_line    0x0000abf9      0xaae ./src/timer.o

.debug_frame    0x00000000      0xdf8
 *(.debug_frame)
 .debug_frame   0x00000000      0x188 ./system/src/stm32f4-hal/stm32f4xx_hal.o
 .debug_frame   0x00000188      0x17c ./system/src/stm32f4-hal/stm32f4xx_hal_cortex.o
 .debug_frame   0x00000304      0x140 ./system/src/stm32f4-hal/stm32f4xx_hal_rcc.o
 .debug_frame   0x00000444       0x38 ./system/src/newlib/_exit.o
 .debug_frame   0x0000047c       0x28 ./system/src/newlib/_sbrk.o
 .debug_frame   0x000004a4       0x7c ./system/src/newlib/_startup.o
 .debug_frame   0x00000520       0x50 ./system/src/newlib/_syscalls.o
 .debug_frame   0x00000570       0x40 ./system/src/newlib/assert.o
 .debug_frame   0x000005b0       0x94 ./system/src/diag/Trace.o
 .debug_frame   0x00000644       0x64 ./system/src/diag/trace_impl.o
 .debug_frame   0x000006a8       0x40 ./system/src/cortexm/_initialize_hardware.o
 .debug_frame   0x000006e8      0x158 ./system/src/cortexm/exception_handlers.o
 .debug_frame   0x00000840       0x30 ./system/src/cmsis/system_stm32f4xx.o
 .debug_frame   0x00000870       0x20 ./system/src/cmsis/vectors_stm32f446xx.o
 .debug_frame   0x00000890       0x48 ./src/_initialize_hardware.o
 .debug_frame   0x000008d8       0x58 ./src/adc.o
 .debug_frame   0x00000930       0xd0 ./src/gpio.o
 .debug_frame   0x00000a00       0x28 ./src/main.o
 .debug_frame   0x00000a28       0x88 ./src/spi.o
 .debug_frame   0x00000ab0       0x50 ./src/stm32f4xx_hal_msp.o
 .debug_frame   0x00000b00       0x30 ./src/timer.o
 .debug_frame   0x00000b30       0x20 c:/program files (x86)/gnu tools arm embedded/6.2 2016q4/bin/../lib/gcc/arm-none-eabi/6.2.1/../../../../arm-none-eabi/lib/thumb/v7e-m\libg_nano.a(lib_a-errno.o)
 .debug_frame   0x00000b50       0x4c c:/program files (x86)/gnu tools arm embedded/6.2 2016q4/bin/../lib/gcc/arm-none-eabi/6.2.1/../../../../arm-none-eabi/lib/thumb/v7e-m\libg_nano.a(lib_a-vsnprintf.o)
 .debug_frame   0x00000b9c       0x90 c:/program files (x86)/gnu tools arm embedded/6.2 2016q4/bin/../lib/gcc/arm-none-eabi/6.2.1/../../../../arm-none-eabi/lib/thumb/v7e-m\libg_nano.a(lib_a-nano-svfprintf.o)
 .debug_frame   0x00000c2c       0x60 c:/program files (x86)/gnu tools arm embedded/6.2 2016q4/bin/../lib/gcc/arm-none-eabi/6.2.1/../../../../arm-none-eabi/lib/thumb/v7e-m\libg_nano.a(lib_a-nano-vfprintf_i.o)
 .debug_frame   0x00000c8c       0x28 c:/program files (x86)/gnu tools arm embedded/6.2 2016q4/bin/../lib/gcc/arm-none-eabi/6.2.1/../../../../arm-none-eabi/lib/thumb/v7e-m\libg_nano.a(lib_a-memcpy-stub.o)
 .debug_frame   0x00000cb4       0x28 c:/program files (x86)/gnu tools arm embedded/6.2 2016q4/bin/../lib/gcc/arm-none-eabi/6.2.1/../../../../arm-none-eabi/lib/thumb/v7e-m\libg_nano.a(lib_a-memmove.o)
 .debug_frame   0x00000cdc       0x38 c:/program files (x86)/gnu tools arm embedded/6.2 2016q4/bin/../lib/gcc/arm-none-eabi/6.2.1/../../../../arm-none-eabi/lib/thumb/v7e-m\libg_nano.a(lib_a-nano-freer.o)
 .debug_frame   0x00000d14       0x2c c:/program files (x86)/gnu tools arm embedded/6.2 2016q4/bin/../lib/gcc/arm-none-eabi/6.2.1/../../../../arm-none-eabi/lib/thumb/v7e-m\libg_nano.a(lib_a-nano-mallocr.o)
 .debug_frame   0x00000d40       0x3c c:/program files (x86)/gnu tools arm embedded/6.2 2016q4/bin/../lib/gcc/arm-none-eabi/6.2.1/../../../../arm-none-eabi/lib/thumb/v7e-m\libg_nano.a(lib_a-nano-reallocr.o)
 .debug_frame   0x00000d7c       0x2c c:/program files (x86)/gnu tools arm embedded/6.2 2016q4/bin/../lib/gcc/arm-none-eabi/6.2.1/../../../../arm-none-eabi/lib/thumb/v7e-m\libg_nano.a(lib_a-sbrkr.o)
 .debug_frame   0x00000da8       0x30 c:/program files (x86)/gnu tools arm embedded/6.2 2016q4/bin/../lib/gcc/arm-none-eabi/6.2.1/../../../../arm-none-eabi/lib/thumb/v7e-m\libg_nano.a(lib_a-mlock.o)
 .debug_frame   0x00000dd8       0x20 c:/program files (x86)/gnu tools arm embedded/6.2 2016q4/bin/../lib/gcc/arm-none-eabi/6.2.1/../../../../arm-none-eabi/lib/thumb/v7e-m\libg_nano.a(lib_a-nano-msizer.o)

.debug_str      0x00000000    0x9e410
 *(.debug_str)
 .debug_str     0x00000000    0x9a272 ./system/src/stm32f4-hal/stm32f4xx_hal.o
                              0x9a8e8 (size before relaxing)
 .debug_str     0x0009a272      0x39d ./system/src/stm32f4-hal/stm32f4xx_hal_cortex.o
                              0x9a73f (size before relaxing)
 .debug_str     0x0009a60f      0x405 ./system/src/stm32f4-hal/stm32f4xx_hal_rcc.o
                              0x9a2cc (size before relaxing)
 .debug_str     0x0009aa14     0x10e6 ./system/src/newlib/_exit.o
                               0x73b1 (size before relaxing)
 .debug_str     0x0009bafa      0x4f5 ./system/src/newlib/_sbrk.o
                               0x677c (size before relaxing)
 .debug_str     0x0009bfef      0x2c6 ./system/src/newlib/_startup.o
                               0x5fa1 (size before relaxing)
 .debug_str     0x0009c2b5      0xe2c ./system/src/newlib/_syscalls.o
                               0x75f8 (size before relaxing)
 .debug_str     0x0009d0e1       0xd0 ./system/src/newlib/assert.o
                               0x7eb6 (size before relaxing)
 .debug_str     0x0009d1b1      0x169 ./system/src/diag/Trace.o
                               0x7b97 (size before relaxing)
 .debug_str     0x0009d31a      0x37b ./system/src/diag/trace_impl.o
                              0x9b018 (size before relaxing)
 .debug_str     0x0009d695       0x5e ./system/src/cortexm/_initialize_hardware.o
                              0x99dc3 (size before relaxing)
 .debug_str     0x0009d6f3      0x19d ./system/src/cortexm/exception_handlers.o
                              0x9b199 (size before relaxing)
 .debug_str     0x0009d890       0x46 ./system/src/cmsis/system_stm32f4xx.o
                              0x99eb7 (size before relaxing)
 .debug_str     0x0009d8d6       0x59 ./system/src/cmsis/vectors_stm32f446xx.o
                               0x30f4 (size before relaxing)
 .debug_str     0x0009d92f       0x31 ./src/_initialize_hardware.o
                              0x99fd2 (size before relaxing)
 .debug_str     0x0009d960      0x8a6 ./src/adc.o
                              0x9ac6b (size before relaxing)
 .debug_str     0x0009e206       0xe9 ./src/gpio.o
                              0x9aca8 (size before relaxing)
 .debug_str     0x0009e2ef       0x4a ./src/main.o
                              0x9b720 (size before relaxing)
 .debug_str     0x0009e339       0x6f ./src/spi.o
                              0x9a6d5 (size before relaxing)
 .debug_str     0x0009e3a8       0x3d ./src/stm32f4xx_hal_msp.o
                              0x99d0b (size before relaxing)
 .debug_str     0x0009e3e5       0x2b ./src/timer.o
                              0x9abef (size before relaxing)

.debug_loc      0x00000000     0x18d0
 *(.debug_loc)
 .debug_loc     0x00000000       0x92 ./system/src/stm32f4-hal/stm32f4xx_hal.o
 .debug_loc     0x00000092      0x73b ./system/src/stm32f4-hal/stm32f4xx_hal_cortex.o
 .debug_loc     0x000007cd      0x4cd ./system/src/stm32f4-hal/stm32f4xx_hal_rcc.o
 .debug_loc     0x00000c9a       0x85 ./system/src/newlib/_sbrk.o
 .debug_loc     0x00000d1f      0x2d3 ./system/src/newlib/_startup.o
 .debug_loc     0x00000ff2       0x63 ./system/src/newlib/_syscalls.o
 .debug_loc     0x00001055      0x134 ./system/src/newlib/assert.o
 .debug_loc     0x00001189       0xf6 ./system/src/diag/Trace.o
 .debug_loc     0x0000127f      0x121 ./system/src/diag/trace_impl.o
 .debug_loc     0x000013a0      0x291 ./system/src/cortexm/exception_handlers.o
 .debug_loc     0x00001631      0x13e ./system/src/cmsis/system_stm32f4xx.o
 .debug_loc     0x0000176f       0x14 ./src/adc.o
 .debug_loc     0x00001783       0xb5 ./src/gpio.o
 .debug_loc     0x00001838       0x42 ./src/main.o
 .debug_loc     0x0000187a       0x42 ./src/spi.o
 .debug_loc     0x000018bc       0x14 ./src/timer.o

.debug_macinfo
 *(.debug_macinfo)

.debug_weaknames
 *(.debug_weaknames)

.debug_funcnames
 *(.debug_funcnames)

.debug_typenames
 *(.debug_typenames)

.debug_varnames
 *(.debug_varnames)
OUTPUT(Flashy_led.elf elf32-littlearm)

.debug_ranges   0x00000000      0x548
 .debug_ranges  0x00000000       0xb0 ./system/src/stm32f4-hal/stm32f4xx_hal.o
 .debug_ranges  0x000000b0       0xe8 ./system/src/stm32f4-hal/stm32f4xx_hal_cortex.o
 .debug_ranges  0x00000198       0x78 ./system/src/stm32f4-hal/stm32f4xx_hal_rcc.o
 .debug_ranges  0x00000210       0x18 ./system/src/newlib/_exit.o
 .debug_ranges  0x00000228       0x10 ./system/src/newlib/_sbrk.o
 .debug_ranges  0x00000238       0x90 ./system/src/newlib/_startup.o
 .debug_ranges  0x000002c8       0x20 ./system/src/newlib/_syscalls.o
 .debug_ranges  0x000002e8       0x18 ./system/src/newlib/assert.o
 .debug_ranges  0x00000300       0x28 ./system/src/diag/Trace.o
 .debug_ranges  0x00000328       0x38 ./system/src/diag/trace_impl.o
 .debug_ranges  0x00000360       0x18 ./system/src/cortexm/_initialize_hardware.o
 .debug_ranges  0x00000378       0x80 ./system/src/cortexm/exception_handlers.o
 .debug_ranges  0x000003f8       0x18 ./system/src/cmsis/system_stm32f4xx.o
 .debug_ranges  0x00000410       0x10 ./system/src/cmsis/vectors_stm32f446xx.o
 .debug_ranges  0x00000420       0x18 ./src/_initialize_hardware.o
 .debug_ranges  0x00000438       0x28 ./src/adc.o
 .debug_ranges  0x00000460       0x68 ./src/gpio.o
 .debug_ranges  0x000004c8       0x10 ./src/main.o
 .debug_ranges  0x000004d8       0x30 ./src/spi.o
 .debug_ranges  0x00000508       0x28 ./src/stm32f4xx_hal_msp.o
 .debug_ranges  0x00000530       0x18 ./src/timer.o

.debug_macro    0x00000000    0x1d67a
 .debug_macro   0x00000000      0x566 ./system/src/stm32f4-hal/stm32f4xx_hal.o
 .debug_macro   0x00000566      0x8c2 ./system/src/stm32f4-hal/stm32f4xx_hal.o
 .debug_macro   0x00000e28      0x289 ./system/src/stm32f4-hal/stm32f4xx_hal.o
 .debug_macro   0x000010b1       0x31 ./system/src/stm32f4-hal/stm32f4xx_hal.o
 .debug_macro   0x000010e2       0x28 ./system/src/stm32f4-hal/stm32f4xx_hal.o
 .debug_macro   0x0000110a      0x34e ./system/src/stm32f4-hal/stm32f4xx_hal.o
 .debug_macro   0x00001458       0x35 ./system/src/stm32f4-hal/stm32f4xx_hal.o
 .debug_macro   0x0000148d       0x50 ./system/src/stm32f4-hal/stm32f4xx_hal.o
 .debug_macro   0x000014dd      0xe66 ./system/src/stm32f4-hal/stm32f4xx_hal.o
 .debug_macro   0x00002343     0x97db ./system/src/stm32f4-hal/stm32f4xx_hal.o
 .debug_macro   0x0000bb1e       0x43 ./system/src/stm32f4-hal/stm32f4xx_hal.o
 .debug_macro   0x0000bb61     0x347f ./system/src/stm32f4-hal/stm32f4xx_hal.o
 .debug_macro   0x0000efe0       0x22 ./system/src/stm32f4-hal/stm32f4xx_hal.o
 .debug_macro   0x0000f002       0x4c ./system/src/stm32f4-hal/stm32f4xx_hal.o
 .debug_macro   0x0000f04e       0x8d ./system/src/stm32f4-hal/stm32f4xx_hal.o
 .debug_macro   0x0000f0db       0x35 ./system/src/stm32f4-hal/stm32f4xx_hal.o
 .debug_macro   0x0000f110       0x9c ./system/src/stm32f4-hal/stm32f4xx_hal.o
 .debug_macro   0x0000f1ac       0x16 ./system/src/stm32f4-hal/stm32f4xx_hal.o
 .debug_macro   0x0000f1c2       0x57 ./system/src/stm32f4-hal/stm32f4xx_hal.o
 .debug_macro   0x0000f219       0x97 ./system/src/stm32f4-hal/stm32f4xx_hal.o
 .debug_macro   0x0000f2b0      0x30d ./system/src/stm32f4-hal/stm32f4xx_hal.o
 .debug_macro   0x0000f5bd       0xfd ./system/src/stm32f4-hal/stm32f4xx_hal.o
 .debug_macro   0x0000f6ba       0x10 ./system/src/stm32f4-hal/stm32f4xx_hal.o
 .debug_macro   0x0000f6ca       0x52 ./system/src/stm32f4-hal/stm32f4xx_hal.o
 .debug_macro   0x0000f71c       0x1f ./system/src/stm32f4-hal/stm32f4xx_hal.o
 .debug_macro   0x0000f73b       0x43 ./system/src/stm32f4-hal/stm32f4xx_hal.o
 .debug_macro   0x0000f77e       0x20 ./system/src/stm32f4-hal/stm32f4xx_hal.o
 .debug_macro   0x0000f79e      0x187 ./system/src/stm32f4-hal/stm32f4xx_hal.o
 .debug_macro   0x0000f925       0x10 ./system/src/stm32f4-hal/stm32f4xx_hal.o
 .debug_macro   0x0000f935       0x6a ./system/src/stm32f4-hal/stm32f4xx_hal.o
 .debug_macro   0x0000f99f       0x1c ./system/src/stm32f4-hal/stm32f4xx_hal.o
 .debug_macro   0x0000f9bb       0x52 ./system/src/stm32f4-hal/stm32f4xx_hal.o
 .debug_macro   0x0000fa0d       0x40 ./system/src/stm32f4-hal/stm32f4xx_hal.o
 .debug_macro   0x0000fa4d       0x10 ./system/src/stm32f4-hal/stm32f4xx_hal.o
 .debug_macro   0x0000fa5d       0x40 ./system/src/stm32f4-hal/stm32f4xx_hal.o
 .debug_macro   0x0000fa9d       0xd7 ./system/src/stm32f4-hal/stm32f4xx_hal.o
 .debug_macro   0x0000fb74       0x16 ./system/src/stm32f4-hal/stm32f4xx_hal.o
 .debug_macro   0x0000fb8a      0x18b ./system/src/stm32f4-hal/stm32f4xx_hal.o
 .debug_macro   0x0000fd15       0x57 ./system/src/stm32f4-hal/stm32f4xx_hal.o
 .debug_macro   0x0000fd6c      0xc9e ./system/src/stm32f4-hal/stm32f4xx_hal.o
 .debug_macro   0x00010a0a      0x9e1 ./system/src/stm32f4-hal/stm32f4xx_hal.o
 .debug_macro   0x000113eb      0x11e ./system/src/stm32f4-hal/stm32f4xx_hal.o
 .debug_macro   0x00011509      0x1a0 ./system/src/stm32f4-hal/stm32f4xx_hal.o
 .debug_macro   0x000116a9       0x27 ./system/src/stm32f4-hal/stm32f4xx_hal.o
 .debug_macro   0x000116d0      0x287 ./system/src/stm32f4-hal/stm32f4xx_hal.o
 .debug_macro   0x00011957       0x5f ./system/src/stm32f4-hal/stm32f4xx_hal.o
 .debug_macro   0x000119b6      0x23a ./system/src/stm32f4-hal/stm32f4xx_hal.o
 .debug_macro   0x00011bf0      0x391 ./system/src/stm32f4-hal/stm32f4xx_hal.o
 .debug_macro   0x00011f81      0x176 ./system/src/stm32f4-hal/stm32f4xx_hal.o
 .debug_macro   0x000120f7       0xf9 ./system/src/stm32f4-hal/stm32f4xx_hal.o
 .debug_macro   0x000121f0      0x36e ./system/src/stm32f4-hal/stm32f4xx_hal.o
 .debug_macro   0x0001255e       0x23 ./system/src/stm32f4-hal/stm32f4xx_hal.o
 .debug_macro   0x00012581       0xe6 ./system/src/stm32f4-hal/stm32f4xx_hal.o
 .debug_macro   0x00012667       0xa1 ./system/src/stm32f4-hal/stm32f4xx_hal.o
 .debug_macro   0x00012708       0x3c ./system/src/stm32f4-hal/stm32f4xx_hal.o
 .debug_macro   0x00012744       0x81 ./system/src/stm32f4-hal/stm32f4xx_hal.o
 .debug_macro   0x000127c5      0x1cd ./system/src/stm32f4-hal/stm32f4xx_hal.o
 .debug_macro   0x00012992      0x13a ./system/src/stm32f4-hal/stm32f4xx_hal.o
 .debug_macro   0x00012acc      0x29c ./system/src/stm32f4-hal/stm32f4xx_hal.o
 .debug_macro   0x00012d68       0x2e ./system/src/stm32f4-hal/stm32f4xx_hal.o
 .debug_macro   0x00012d96      0x54a ./system/src/stm32f4-hal/stm32f4xx_hal.o
 .debug_macro   0x000132e0       0x88 ./system/src/stm32f4-hal/stm32f4xx_hal.o
 .debug_macro   0x00013368       0xd5 ./system/src/stm32f4-hal/stm32f4xx_hal.o
 .debug_macro   0x0001343d       0x10 ./system/src/stm32f4-hal/stm32f4xx_hal.o
 .debug_macro   0x0001344d      0x1a7 ./system/src/stm32f4-hal/stm32f4xx_hal.o
 .debug_macro   0x000135f4       0x22 ./system/src/stm32f4-hal/stm32f4xx_hal.o
 .debug_macro   0x00013616       0xa5 ./system/src/stm32f4-hal/stm32f4xx_hal.o
 .debug_macro   0x000136bb      0x18b ./system/src/stm32f4-hal/stm32f4xx_hal.o
 .debug_macro   0x00013846       0x30 ./system/src/stm32f4-hal/stm32f4xx_hal.o
 .debug_macro   0x00013876       0x35 ./system/src/stm32f4-hal/stm32f4xx_hal.o
 .debug_macro   0x000138ab       0x79 ./system/src/stm32f4-hal/stm32f4xx_hal.o
 .debug_macro   0x00013924      0x11e ./system/src/stm32f4-hal/stm32f4xx_hal.o
 .debug_macro   0x00013a42       0xe8 ./system/src/stm32f4-hal/stm32f4xx_hal.o
 .debug_macro   0x00013b2a       0x89 ./system/src/stm32f4-hal/stm32f4xx_hal.o
 .debug_macro   0x00013bb3      0x31a ./system/src/stm32f4-hal/stm32f4xx_hal.o
 .debug_macro   0x00013ecd      0x409 ./system/src/stm32f4-hal/stm32f4xx_hal.o
 .debug_macro   0x000142d6       0xe4 ./system/src/stm32f4-hal/stm32f4xx_hal.o
 .debug_macro   0x000143ba      0x39f ./system/src/stm32f4-hal/stm32f4xx_hal.o
 .debug_macro   0x00014759       0xcf ./system/src/stm32f4-hal/stm32f4xx_hal.o
 .debug_macro   0x00014828      0x463 ./system/src/stm32f4-hal/stm32f4xx_hal.o
 .debug_macro   0x00014c8b      0x22b ./system/src/stm32f4-hal/stm32f4xx_hal.o
 .debug_macro   0x00014eb6      0x202 ./system/src/stm32f4-hal/stm32f4xx_hal.o
 .debug_macro   0x000150b8      0x6d9 ./system/src/stm32f4-hal/stm32f4xx_hal.o
 .debug_macro   0x00015791       0x62 ./system/src/stm32f4-hal/stm32f4xx_hal.o
 .debug_macro   0x000157f3      0x14d ./system/src/stm32f4-hal/stm32f4xx_hal.o
 .debug_macro   0x00015940      0x287 ./system/src/stm32f4-hal/stm32f4xx_hal.o
 .debug_macro   0x00015bc7      0x225 ./system/src/stm32f4-hal/stm32f4xx_hal.o
 .debug_macro   0x00015dec      0x1b5 ./system/src/stm32f4-hal/stm32f4xx_hal.o
 .debug_macro   0x00015fa1      0x2db ./system/src/stm32f4-hal/stm32f4xx_hal.o
 .debug_macro   0x0001627c       0x89 ./system/src/stm32f4-hal/stm32f4xx_hal.o
 .debug_macro   0x00016305      0x1df ./system/src/stm32f4-hal/stm32f4xx_hal.o
 .debug_macro   0x000164e4      0x115 ./system/src/stm32f4-hal/stm32f4xx_hal.o
 .debug_macro   0x000165f9       0x6e ./system/src/stm32f4-hal/stm32f4xx_hal.o
 .debug_macro   0x00016667      0x2e2 ./system/src/stm32f4-hal/stm32f4xx_hal.o
 .debug_macro   0x00016949      0x2e2 ./system/src/stm32f4-hal/stm32f4xx_hal.o
 .debug_macro   0x00016c2b      0x202 ./system/src/stm32f4-hal/stm32f4xx_hal.o
 .debug_macro   0x00016e2d       0x34 ./system/src/stm32f4-hal/stm32f4xx_hal.o
 .debug_macro   0x00016e61       0x90 ./system/src/stm32f4-hal/stm32f4xx_hal.o
 .debug_macro   0x00016ef1      0x1ed ./system/src/stm32f4-hal/stm32f4xx_hal.o
 .debug_macro   0x000170de      0x11e ./system/src/stm32f4-hal/stm32f4xx_hal.o
 .debug_macro   0x000171fc      0x518 ./system/src/stm32f4-hal/stm32f4xx_hal_cortex.o
 .debug_macro   0x00017714      0x542 ./system/src/stm32f4-hal/stm32f4xx_hal_rcc.o
 .debug_macro   0x00017c56      0x1a7 ./system/src/newlib/_exit.o
 .debug_macro   0x00017dfd      0x10e ./system/src/newlib/_exit.o
 .debug_macro   0x00017f0b       0x8d ./system/src/newlib/_exit.o
 .debug_macro   0x00017f98       0x35 ./system/src/newlib/_exit.o
 .debug_macro   0x00017fcd      0x15c ./system/src/newlib/_sbrk.o
 .debug_macro   0x00018129      0x174 ./system/src/newlib/_sbrk.o
 .debug_macro   0x0001829d       0x10 ./system/src/newlib/_sbrk.o
 .debug_macro   0x000182ad      0x23b ./system/src/newlib/_sbrk.o
 .debug_macro   0x000184e8      0x166 ./system/src/newlib/_startup.o
 .debug_macro   0x0001864e      0x8c8 ./system/src/newlib/_startup.o
 .debug_macro   0x00018f16      0x20a ./system/src/newlib/_syscalls.o
 .debug_macro   0x00019120       0x1c ./system/src/newlib/_syscalls.o
 .debug_macro   0x0001913c       0x10 ./system/src/newlib/_syscalls.o
 .debug_macro   0x0001914c       0x10 ./system/src/newlib/_syscalls.o
 .debug_macro   0x0001915c       0x10 ./system/src/newlib/_syscalls.o
 .debug_macro   0x0001916c       0x35 ./system/src/newlib/_syscalls.o
 .debug_macro   0x000191a1      0x122 ./system/src/newlib/_syscalls.o
 .debug_macro   0x000192c3       0x88 ./system/src/newlib/_syscalls.o
 .debug_macro   0x0001934b       0x2b ./system/src/newlib/_syscalls.o
 .debug_macro   0x00019376      0x118 ./system/src/newlib/_syscalls.o
 .debug_macro   0x0001948e      0x159 ./system/src/newlib/_syscalls.o
 .debug_macro   0x000195e7       0x16 ./system/src/newlib/_syscalls.o
 .debug_macro   0x000195fd      0x1c3 ./system/src/newlib/assert.o
 .debug_macro   0x000197c0       0x1c ./system/src/newlib/assert.o
 .debug_macro   0x000197dc      0x1e4 ./system/src/diag/Trace.o
 .debug_macro   0x000199c0       0x4c ./system/src/diag/Trace.o
 .debug_macro   0x00019a0c       0x16 ./system/src/diag/Trace.o
 .debug_macro   0x00019a22      0x55e ./system/src/diag/trace_impl.o
 .debug_macro   0x00019f80       0x22 ./system/src/diag/trace_impl.o
 .debug_macro   0x00019fa2      0x522 ./system/src/cortexm/_initialize_hardware.o
 .debug_macro   0x0001a4c4      0x581 ./system/src/cortexm/exception_handlers.o
 .debug_macro   0x0001aa45       0x3b ./system/src/cortexm/exception_handlers.o
 .debug_macro   0x0001aa80      0x51e ./system/src/cmsis/system_stm32f4xx.o
 .debug_macro   0x0001af9e       0x34 ./system/src/cmsis/vectors_stm32f446xx.o
 .debug_macro   0x0001afd2      0x518 ./src/_initialize_hardware.o
 .debug_macro   0x0001b4ea      0x539 ./src/adc.o
 .debug_macro   0x0001ba23      0x1f6 ./src/adc.o
 .debug_macro   0x0001bc19      0x539 ./src/gpio.o
 .debug_macro   0x0001c152      0x598 ./src/main.o
 .debug_macro   0x0001c6ea      0x53f ./src/spi.o
 .debug_macro   0x0001cc29      0x518 ./src/stm32f4xx_hal_msp.o
 .debug_macro   0x0001d141      0x539 ./src/timer.o
