Archive member included to satisfy reference by file (symbol)

c:/program files (x86)/gnu tools arm embedded/7 2017-q4-major/bin/../lib/gcc/arm-none-eabi/7.2.1/../../../../arm-none-eabi/lib/thumb/v7e-m\libg_nano.a(lib_a-errno.o)
                              ./system/src/newlib/_sbrk.o (__errno)
c:/program files (x86)/gnu tools arm embedded/7 2017-q4-major/bin/../lib/gcc/arm-none-eabi/7.2.1/../../../../arm-none-eabi/lib/thumb/v7e-m\libg_nano.a(lib_a-impure.o)
                              c:/program files (x86)/gnu tools arm embedded/7 2017-q4-major/bin/../lib/gcc/arm-none-eabi/7.2.1/../../../../arm-none-eabi/lib/thumb/v7e-m\libg_nano.a(lib_a-errno.o) (_impure_ptr)
c:/program files (x86)/gnu tools arm embedded/7 2017-q4-major/bin/../lib/gcc/arm-none-eabi/7.2.1/../../../../arm-none-eabi/lib/thumb/v7e-m\libg_nano.a(lib_a-strlen.o)
                              ./system/src/diag/Trace.o (strlen)
c:/program files (x86)/gnu tools arm embedded/7 2017-q4-major/bin/../lib/gcc/arm-none-eabi/7.2.1/../../../../arm-none-eabi/lib/thumb/v7e-m\libg_nano.a(lib_a-vsnprintf.o)
                              ./system/src/diag/Trace.o (vsnprintf)
c:/program files (x86)/gnu tools arm embedded/7 2017-q4-major/bin/../lib/gcc/arm-none-eabi/7.2.1/../../../../arm-none-eabi/lib/thumb/v7e-m\libg_nano.a(lib_a-nano-svfprintf.o)
                              c:/program files (x86)/gnu tools arm embedded/7 2017-q4-major/bin/../lib/gcc/arm-none-eabi/7.2.1/../../../../arm-none-eabi/lib/thumb/v7e-m\libg_nano.a(lib_a-vsnprintf.o) (_svfprintf_r)
c:/program files (x86)/gnu tools arm embedded/7 2017-q4-major/bin/../lib/gcc/arm-none-eabi/7.2.1/../../../../arm-none-eabi/lib/thumb/v7e-m\libg_nano.a(lib_a-nano-vfprintf_i.o)
                              c:/program files (x86)/gnu tools arm embedded/7 2017-q4-major/bin/../lib/gcc/arm-none-eabi/7.2.1/../../../../arm-none-eabi/lib/thumb/v7e-m\libg_nano.a(lib_a-nano-svfprintf.o) (_printf_i)
c:/program files (x86)/gnu tools arm embedded/7 2017-q4-major/bin/../lib/gcc/arm-none-eabi/7.2.1/../../../../arm-none-eabi/lib/thumb/v7e-m\libg_nano.a(lib_a-memchr.o)
                              c:/program files (x86)/gnu tools arm embedded/7 2017-q4-major/bin/../lib/gcc/arm-none-eabi/7.2.1/../../../../arm-none-eabi/lib/thumb/v7e-m\libg_nano.a(lib_a-nano-svfprintf.o) (memchr)
c:/program files (x86)/gnu tools arm embedded/7 2017-q4-major/bin/../lib/gcc/arm-none-eabi/7.2.1/../../../../arm-none-eabi/lib/thumb/v7e-m\libg_nano.a(lib_a-memcpy-stub.o)
                              c:/program files (x86)/gnu tools arm embedded/7 2017-q4-major/bin/../lib/gcc/arm-none-eabi/7.2.1/../../../../arm-none-eabi/lib/thumb/v7e-m\libg_nano.a(lib_a-nano-svfprintf.o) (memcpy)
c:/program files (x86)/gnu tools arm embedded/7 2017-q4-major/bin/../lib/gcc/arm-none-eabi/7.2.1/../../../../arm-none-eabi/lib/thumb/v7e-m\libg_nano.a(lib_a-memmove.o)
                              c:/program files (x86)/gnu tools arm embedded/7 2017-q4-major/bin/../lib/gcc/arm-none-eabi/7.2.1/../../../../arm-none-eabi/lib/thumb/v7e-m\libg_nano.a(lib_a-nano-svfprintf.o) (memmove)
c:/program files (x86)/gnu tools arm embedded/7 2017-q4-major/bin/../lib/gcc/arm-none-eabi/7.2.1/../../../../arm-none-eabi/lib/thumb/v7e-m\libg_nano.a(lib_a-nano-freer.o)
                              c:/program files (x86)/gnu tools arm embedded/7 2017-q4-major/bin/../lib/gcc/arm-none-eabi/7.2.1/../../../../arm-none-eabi/lib/thumb/v7e-m\libg_nano.a(lib_a-nano-svfprintf.o) (_free_r)
c:/program files (x86)/gnu tools arm embedded/7 2017-q4-major/bin/../lib/gcc/arm-none-eabi/7.2.1/../../../../arm-none-eabi/lib/thumb/v7e-m\libg_nano.a(lib_a-nano-mallocr.o)
                              c:/program files (x86)/gnu tools arm embedded/7 2017-q4-major/bin/../lib/gcc/arm-none-eabi/7.2.1/../../../../arm-none-eabi/lib/thumb/v7e-m\libg_nano.a(lib_a-nano-svfprintf.o) (_malloc_r)
c:/program files (x86)/gnu tools arm embedded/7 2017-q4-major/bin/../lib/gcc/arm-none-eabi/7.2.1/../../../../arm-none-eabi/lib/thumb/v7e-m\libg_nano.a(lib_a-nano-reallocr.o)
                              c:/program files (x86)/gnu tools arm embedded/7 2017-q4-major/bin/../lib/gcc/arm-none-eabi/7.2.1/../../../../arm-none-eabi/lib/thumb/v7e-m\libg_nano.a(lib_a-nano-svfprintf.o) (_realloc_r)
c:/program files (x86)/gnu tools arm embedded/7 2017-q4-major/bin/../lib/gcc/arm-none-eabi/7.2.1/../../../../arm-none-eabi/lib/thumb/v7e-m\libg_nano.a(lib_a-sbrkr.o)
                              c:/program files (x86)/gnu tools arm embedded/7 2017-q4-major/bin/../lib/gcc/arm-none-eabi/7.2.1/../../../../arm-none-eabi/lib/thumb/v7e-m\libg_nano.a(lib_a-nano-mallocr.o) (_sbrk_r)
c:/program files (x86)/gnu tools arm embedded/7 2017-q4-major/bin/../lib/gcc/arm-none-eabi/7.2.1/../../../../arm-none-eabi/lib/thumb/v7e-m\libg_nano.a(lib_a-mlock.o)
[...]
Memory Configuration

Name             Origin             Length             Attributes
RAM              0x20000000         0x00020000         xrw
CCMRAM           0x10000000         0x00010000         xrw
FLASH            0x08000000         0x00080000         xr
FLASHB1          0x00000000         0x00000000         xr
EXTMEMB0         0x00000000         0x00000000         xr
EXTMEMB1         0x00000000         0x00000000         xr
EXTMEMB2         0x00000000         0x00000000         xr
EXTMEMB3         0x00000000         0x00000000         xr
MEMORY_ARRAY     0x20002000         0x00000020         xrw
*default*        0x00000000         0xffffffff

Linker script and memory map

LOAD ./system/src/stm32f4-hal/stm32f4xx_hal.o
LOAD ./system/src/stm32f4-hal/stm32f4xx_hal_cortex.o
LOAD ./system/src/stm32f4-hal/stm32f4xx_hal_dfsdm.o
LOAD ./system/src/stm32f4-hal/stm32f4xx_hal_flash.o
LOAD ./system/src/stm32f4-hal/stm32f4xx_hal_gpio.o
LOAD ./system/src/stm32f4-hal/stm32f4xx_hal_iwdg.o
LOAD ./system/src/stm32f4-hal/stm32f4xx_hal_pwr.o
LOAD ./system/src/stm32f4-hal/stm32f4xx_hal_rcc.o
LOAD ./system/src/newlib/_cxx.o
LOAD ./system/src/newlib/_exit.o
LOAD ./system/src/newlib/_sbrk.o
LOAD ./system/src/newlib/_startup.o
LOAD ./system/src/newlib/_syscalls.o
LOAD ./system/src/newlib/assert.o
LOAD ./system/src/diag/Trace.o
LOAD ./system/src/diag/trace_impl.o
LOAD ./system/src/cortexm/_initialize_hardware.o
LOAD ./system/src/cortexm/_reset_hardware.o
LOAD ./system/src/cortexm/exception_handlers.o
LOAD ./system/src/cmsis/system_stm32f4xx.o
LOAD ./system/src/cmsis/vectors_stm32f446xx.o
LOAD ./src/WM8731.o
LOAD ./src/_initialize_hardware.o
LOAD ./src/_write.o
LOAD ./src/adc.o
LOAD ./src/gpio.o
LOAD ./src/main.o
LOAD ./src/stm32f4xx_hal_msp.o
LOAD ./src/timer.o
LOAD c:/program files (x86)/gnu tools arm embedded/7 2017-q4-major/bin/../lib/gcc/arm-none-eabi/7.2.1/../../../../arm-none-eabi/lib/thumb/v7e-m\libstdc++_nano.a
LOAD c:/program files (x86)/gnu tools arm embedded/7 2017-q4-major/bin/../lib/gcc/arm-none-eabi/7.2.1/../../../../arm-none-eabi/lib/thumb/v7e-m\libm.a
START GROUP
LOAD c:/program files (x86)/gnu tools arm embedded/7 2017-q4-major/bin/../lib/gcc/arm-none-eabi/7.2.1/thumb/v7e-m\libgcc.a
LOAD c:/program files (x86)/gnu tools arm embedded/7 2017-q4-major/bin/../lib/gcc/arm-none-eabi/7.2.1/../../../../arm-none-eabi/lib/thumb/v7e-m\libg_nano.a
LOAD c:/program files (x86)/gnu tools arm embedded/7 2017-q4-major/bin/../lib/gcc/arm-none-eabi/7.2.1/../../../../arm-none-eabi/lib/thumb/v7e-m\libc_nano.a
END GROUP
START GROUP
LOAD c:/program files (x86)/gnu tools arm embedded/7 2017-q4-major/bin/../lib/gcc/arm-none-eabi/7.2.1/thumb/v7e-m\libgcc.a
LOAD c:/program files (x86)/gnu tools arm embedded/7 2017-q4-major/bin/../lib/gcc/arm-none-eabi/7.2.1/../../../../arm-none-eabi/lib/thumb/v7e-m\libc_nano.a
END GROUP
                0x20020000                __stack = (ORIGIN (RAM) + LENGTH (RAM))
                0x20020000                _estack = __stack
                0x00000400                __Main_Stack_Size = 0x400
                [!provide]                PROVIDE (_Main_Stack_Size, __Main_Stack_Size)
                0x2001fc00                __Main_Stack_Limit = (__stack - __Main_Stack_Size)
                [!provide]                PROVIDE (_Main_Stack_Limit, __Main_Stack_Limit)
                0x00000100                _Minimum_Stack_Size = 0x100
                0x20000124                PROVIDE (_Heap_Begin, _end_noinit)
                0x2001fc00                PROVIDE (_Heap_Limit, (__stack - __Main_Stack_Size))

.isr_vector     0x08000000      0x424
 FILL mask 0xff
                0x08000000                __vectors_start = ABSOLUTE (.)
                0x08000000                __vectors_start__ = ABSOLUTE (.)
 *(.isr_vector)
 .isr_vector    0x08000000      0x1c4 ./system/src/cmsis/vectors_stm32f446xx.o
                0x08000000                __isr_vectors
 *(.cfmconfig)
 *(.after_vectors .after_vectors.*)
 .after_vectors
                0x080001c4      0x130 ./system/src/newlib/_startup.o
                0x080001c4                _start
 .after_vectors
                0x080002f4      0x12c ./system/src/cortexm/exception_handlers.o
                0x080002f4                Reset_Handler
                0x080002fa                NMI_Handler
                0x080002fe                HardFault_Handler
                0x08000312                HardFault_Handler_C
                0x08000370                MemManage_Handler
                0x08000374                BusFault_Handler
                0x08000388                BusFault_Handler_C
                0x080003bc                UsageFault_Handler
                0x080003d0                UsageFault_Handler_C
                0x08000404                SVC_Handler
                0x08000408                DebugMon_Handler
                0x0800040c                PendSV_Handler
                0x08000410                SysTick_Handler
 .after_vectors
                0x08000420        0x4 ./system/src/cmsis/vectors_stm32f446xx.o
                0x08000420                RTC_Alarm_IRQHandler
                0x08000420                EXTI2_IRQHandler
                0x08000420                TIM8_CC_IRQHandler
                0x08000420                SPI4_IRQHandler
                0x08000420                TIM1_CC_IRQHandler
                0x08000420                DMA2_Stream5_IRQHandler
                0x08000420                DMA1_Stream5_IRQHandler
                0x08000420                PVD_IRQHandler
                0x08000420                SDIO_IRQHandler
                0x08000420                TAMP_STAMP_IRQHandler
                0x08000420                CAN2_RX1_IRQHandler
                0x08000420                EXTI3_IRQHandler
                0x08000420                TIM8_TRG_COM_TIM14_IRQHandler
                0x08000420                TIM1_UP_TIM10_IRQHandler
                0x08000420                TIM8_UP_TIM13_IRQHandler
                0x08000420                I2C3_ER_IRQHandler
                0x08000420                I2C2_EV_IRQHandler
                0x08000420                DMA1_Stream2_IRQHandler
                0x08000420                CAN1_RX0_IRQHandler
                0x08000420                FPU_IRQHandler
                0x08000420                OTG_HS_WKUP_IRQHandler
                0x08000420                CAN2_SCE_IRQHandler
                0x08000420                DMA2_Stream2_IRQHandler
                0x08000420                SPI1_IRQHandler
                0x08000420                TIM6_DAC_IRQHandler
                0x08000420                TIM1_BRK_TIM9_IRQHandler
                0x08000420                DCMI_IRQHandler
                0x08000420                CAN2_RX0_IRQHandler
                0x08000420                DMA2_Stream3_IRQHandler
                0x08000420                SAI2_IRQHandler
                0x08000420                USART6_IRQHandler
                0x08000420                USART3_IRQHandler
                0x08000420                CAN1_RX1_IRQHandler
                0x08000420                UART5_IRQHandler
                0x08000420                DMA2_Stream0_IRQHandler
                0x08000420                I2C4_Error_IRQHandler
                0x08000420                TIM4_IRQHandler
                0x08000420                QUADSPI_IRQHandler
                0x08000420                I2C1_EV_IRQHandler
                0x08000420                DMA1_Stream6_IRQHandler
                0x08000420                DMA1_Stream1_IRQHandler
                0x08000420                UART4_IRQHandler
                0x08000420                TIM3_IRQHandler
                0x08000420                RCC_IRQHandler
                0x08000420                TIM8_BRK_TIM12_IRQHandler
                0x08000420                Default_Handler
                0x08000420                CEC_IRQHandler
                0x08000420                EXTI15_10_IRQHandler
                0x08000420                DMA1_Stream7_IRQHandler
                0x08000420                TIM7_IRQHandler
                0x08000420                CAN2_TX_IRQHandler
                0x08000420                TIM5_IRQHandler
                0x08000420                DMA2_Stream7_IRQHandler
                0x08000420                I2C3_EV_IRQHandler
                0x08000420                EXTI9_5_IRQHandler
                0x08000420                RTC_WKUP_IRQHandler
                0x08000420                SPDIF_RX_IRQHandler
                0x08000420                SPI2_IRQHandler
                0x08000420                OTG_HS_EP1_IN_IRQHandler
                0x08000420                DMA1_Stream0_IRQHandler
                0x08000420                CAN1_TX_IRQHandler
                0x08000420                EXTI4_IRQHandler
                0x08000420                OTG_HS_EP1_OUT_IRQHandler
                0x08000420                WWDG_IRQHandler
                0x08000420                OTG_FS_WKUP_IRQHandler
                0x08000420                TIM1_TRG_COM_TIM11_IRQHandler
                0x08000420                OTG_HS_IRQHandler
                0x08000420                USART2_IRQHandler
                0x08000420                I2C2_ER_IRQHandler
                0x08000420                DMA2_Stream1_IRQHandler
                0x08000420                CAN1_SCE_IRQHandler
                0x08000420                FLASH_IRQHandler
                0x08000420                DMA2_Stream4_IRQHandler
                0x08000420                USART1_IRQHandler
                0x08000420                OTG_FS_IRQHandler
                0x08000420                SPI3_IRQHandler
                0x08000420                DMA1_Stream4_IRQHandler
                0x08000420                I2C1_ER_IRQHandler
                0x08000420                FMC_IRQHandler
                0x08000420                I2C4_Event_IRQHandler
                0x08000420                DMA2_Stream6_IRQHandler
                0x08000420                SAI1_IRQHandler
                0x08000420                DMA1_Stream3_IRQHandler

.inits          0x08000424       0x28
                0x08000424                __data_regions_array_start = .
                0x08000424        0x4 LONG 0x8002188 LOADADDR (.data)
                0x08000428        0x4 LONG 0x20000000 ADDR (.data)
                0x0800042c        0x4 LONG 0x20000078 (ADDR (.data) + SIZEOF (.data))
                0x08000430        0x4 LONG 0x8002188 LOADADDR (.data_CCMRAM)
                0x08000434        0x4 LONG 0x10000000 ADDR (.data_CCMRAM)
                0x08000438        0x4 LONG 0x10000000 (ADDR (.data_CCMRAM) + SIZEOF (.data_CCMRAM))
                0x0800043c                __data_regions_array_end = .
                0x0800043c                __bss_regions_array_start = .
                0x0800043c        0x4 LONG 0x20000078 ADDR (.bss)
                0x08000440        0x4 LONG 0x20000124 (ADDR (.bss) + SIZEOF (.bss))
                0x08000444        0x4 LONG 0x10000000 ADDR (.bss_CCMRAM)
                0x08000448        0x4 LONG 0x10000000 (ADDR (.bss_CCMRAM) + SIZEOF (.bss_CCMRAM))
                0x0800044c                __bss_regions_array_end = .
 *(.init)
 *(.fini)
                0x0800044c                . = ALIGN (0x4)
                0x0800044c                PROVIDE (__preinit_array_start, .)
 *(.preinit_array_sysinit .preinit_array_sysinit.*)
 *(.preinit_array_platform .preinit_array_platform.*)
 *(.preinit_array .preinit_array.*)
                0x0800044c                PROVIDE (__preinit_array_end, .)
                0x0800044c                . = ALIGN (0x4)
                0x0800044c                PROVIDE (__init_array_start, .)
 *(SORT_BY_NAME(.init_array.*))
 *(.init_array)
                0x0800044c                PROVIDE (__init_array_end, .)
                0x0800044c                . = ALIGN (0x4)
                0x0800044c                PROVIDE (__fini_array_start, .)
 *(SORT_BY_NAME(.fini_array.*))
 *(.fini_array)
                0x0800044c                PROVIDE (__fini_array_end, .)

.flashtext
 *(.flashtext .flashtext.*)

.text           0x08000450     0x1d37
 *(.text .text.*)
 .text.HAL_InitTick
                0x08000450       0x2c ./system/src/stm32f4-hal/stm32f4xx_hal.o
                0x08000450                HAL_InitTick
 .text.HAL_Init
                0x0800047c       0x34 ./system/src/stm32f4-hal/stm32f4xx_hal.o
                0x0800047c                HAL_Init
 .text.HAL_GetTick
                0x080004b0        0xc ./system/src/stm32f4-hal/stm32f4xx_hal.o
                0x080004b0                HAL_GetTick
 .text.HAL_NVIC_SetPriorityGrouping
                0x080004bc       0x3c ./system/src/stm32f4-hal/stm32f4xx_hal_cortex.o
                0x080004bc                HAL_NVIC_SetPriorityGrouping
 .text.HAL_NVIC_SetPriority
                0x080004f8       0x8c ./system/src/stm32f4-hal/stm32f4xx_hal_cortex.o
                0x080004f8                HAL_NVIC_SetPriority
 .text.HAL_SYSTICK_Config
                0x08000584       0x2c ./system/src/stm32f4-hal/stm32f4xx_hal_cortex.o
                0x08000584                HAL_SYSTICK_Config
 .text.HAL_SYSTICK_CLKSourceConfig
                0x080005b0       0x3c ./system/src/stm32f4-hal/stm32f4xx_hal_cortex.o
                0x080005b0                HAL_SYSTICK_CLKSourceConfig
 .text.HAL_RCC_OscConfig
                0x080005ec      0x43c ./system/src/stm32f4-hal/stm32f4xx_hal_rcc.o
                0x080005ec                HAL_RCC_OscConfig
 .text.HAL_RCC_GetSysClockFreq
                0x08000a28       0x94 ./system/src/stm32f4-hal/stm32f4xx_hal_rcc.o
                0x08000a28                HAL_RCC_GetSysClockFreq
 .text.HAL_RCC_ClockConfig
                0x08000abc      0x258 ./system/src/stm32f4-hal/stm32f4xx_hal_rcc.o
                0x08000abc                HAL_RCC_ClockConfig
 .text.HAL_RCC_GetHCLKFreq
                0x08000d14        0xc ./system/src/stm32f4-hal/stm32f4xx_hal_rcc.o
                0x08000d14                HAL_RCC_GetHCLKFreq
 .text._exit    0x08000d20        0x2 ./system/src/newlib/_exit.o
                0x08000d20                _exit
 *fill*         0x08000d22        0x2 
 .text.abort    0x08000d24       0x14 ./system/src/newlib/_exit.o
                0x08000d24                abort
 .text._sbrk    0x08000d38       0x44 ./system/src/newlib/_sbrk.o
                0x08000d38                _sbrk
 .text.__initialize_args
                0x08000d7c       0x10 ./system/src/newlib/_syscalls.o
                0x08000d7c                __initialize_args
 .text.assert_failed
                0x08000d8c       0x14 ./system/src/newlib/assert.o
                0x08000d8c                assert_failed
 .text.trace_printf
                0x08000da0       0x30 ./system/src/diag/Trace.o
                0x08000da0                trace_printf
 .text.trace_puts
                0x08000dd0       0x20 ./system/src/diag/Trace.o
                0x08000dd0                trace_puts
 .text._trace_write_semihosting_debug
                0x08000df0       0x60 ./system/src/diag/trace_impl.o
 .text.trace_write
                0x08000e50        0x8 ./system/src/diag/trace_impl.o
                0x08000e50                trace_write
 .text.__initialize_hardware_early
                0x08000e58       0x18 ./system/src/cortexm/_initialize_hardware.o
                0x08000e58                __initialize_hardware_early
 .text.dumpExceptionStack
                0x08000e70       0xf4 ./system/src/cortexm/exception_handlers.o
                0x08000e70                dumpExceptionStack
 .text.isSemihosting
                0x08000f64       0x20 ./system/src/cortexm/exception_handlers.o
                0x08000f64                isSemihosting
 .text.SystemInit
                0x08000f84       0x40 ./system/src/cmsis/system_stm32f4xx.o
                0x08000f84                SystemInit
 .text.SystemCoreClockUpdate
                0x08000fc4       0xa0 ./system/src/cmsis/system_stm32f4xx.o
                0x08000fc4                SystemCoreClockUpdate
 .text.WM8731_control_word
                0x08001064       0x4c ./src/WM8731.o
 .text.WM8731_spi_init
                0x080010b0       0xb4 ./src/WM8731.o
                0x080010b0                WM8731_spi_init
 .text.WM8731_i2s_dac_init
                0x08001164       0x70 ./src/WM8731.o
                0x08001164                WM8731_i2s_dac_init
 .text.WM8731_i2s_adc_init
                0x080011d4       0x6c ./src/WM8731.o
                0x080011d4                WM8731_i2s_adc_init
 .text.WM8731_config_reset
                0x08001240        0xc ./src/WM8731.o
                0x08001240                WM8731_config_reset
 .text.WM8731_config_i2s_init
                0x0800124c       0x2c ./src/WM8731.o
                0x0800124c                WM8731_config_i2s_init
 .text.WM8731_config_i2s_start
                0x08001278        0xc ./src/WM8731.o
                0x08001278                WM8731_config_i2s_start
 .text.WM8731_init
                0x08001284       0x50 ./src/WM8731.o
                0x08001284                WM8731_init
 .text.SystemClock_Config
                0x080012d4       0x9c ./src/_initialize_hardware.o
                0x080012d4                SystemClock_Config
 .text.__initialize_hardware
                0x08001370       0x10 ./src/_initialize_hardware.o
                0x08001370                __initialize_hardware
 .text.adc_init
                0x08001380       0x54 ./src/adc.o
                0x08001380                adc_init
 .text.adc_start
                0x080013d4       0x24 ./src/adc.o
                0x080013d4                adc_start
 .text.ADC_IRQHandler
                0x080013f8       0x24 ./src/adc.o
                0x080013f8                ADC_IRQHandler
 .text.gpio_led_init
                0x0800141c       0x30 ./src/gpio.o
                0x0800141c                gpio_led_init
 .text.gpio_led_set
                0x0800144c      0x10c ./src/gpio.o
                0x0800144c                gpio_led_set
 .text.gpio_button_init
                0x08001558       0x40 ./src/gpio.o
                0x08001558                gpio_button_init
 .text.EXTI1_IRQHandler
                0x08001598       0x30 ./src/gpio.o
                0x08001598                EXTI1_IRQHandler
 .text.EXTI0_IRQHandler
                0x080015c8       0x30 ./src/gpio.o
                0x080015c8                EXTI0_IRQHandler
 .text.main     0x080015f8       0x24 ./src/main.o
                0x080015f8                main
 .text.HAL_MspInit
                0x0800161c        0x2 ./src/stm32f4xx_hal_msp.o
                0x0800161c                HAL_MspInit
 *fill*         0x0800161e        0x2 
 .text.TIM2_IRQHandler
                0x08001620       0x2c ./src/timer.o
                0x08001620                TIM2_IRQHandler
 .text.__errno  0x0800164c        0xc c:/program files (x86)/gnu tools arm embedded/7 2017-q4-major/bin/../lib/gcc/arm-none-eabi/7.2.1/../../../../arm-none-eabi/lib/thumb/v7e-m\libg_nano.a(lib_a-errno.o)
                0x0800164c                __errno
 .text          0x08001658       0x10 c:/program files (x86)/gnu tools arm embedded/7 2017-q4-major/bin/../lib/gcc/arm-none-eabi/7.2.1/../../../../arm-none-eabi/lib/thumb/v7e-m\libg_nano.a(lib_a-strlen.o)
                0x08001658                strlen
 .text._vsnprintf_r
                0x08001668       0x58 c:/program files (x86)/gnu tools arm embedded/7 2017-q4-major/bin/../lib/gcc/arm-none-eabi/7.2.1/../../../../arm-none-eabi/lib/thumb/v7e-m\libg_nano.a(lib_a-vsnprintf.o)
                0x08001668                _vsniprintf_r
                0x08001668                _vsnprintf_r
 .text.vsnprintf
                0x080016c0       0x1c c:/program files (x86)/gnu tools arm embedded/7 2017-q4-major/bin/../lib/gcc/arm-none-eabi/7.2.1/../../../../arm-none-eabi/lib/thumb/v7e-m\libg_nano.a(lib_a-vsnprintf.o)
                0x080016c0                vsniprintf
                0x080016c0                vsnprintf
 .text.__ssputs_r
                0x080016dc       0xb4 c:/program files (x86)/gnu tools arm embedded/7 2017-q4-major/bin/../lib/gcc/arm-none-eabi/7.2.1/../../../../arm-none-eabi/lib/thumb/v7e-m\libg_nano.a(lib_a-nano-svfprintf.o)
                0x080016dc                __ssputs_r
 .text._svfprintf_r
                0x08001790      0x1ec c:/program files (x86)/gnu tools arm embedded/7 2017-q4-major/bin/../lib/gcc/arm-none-eabi/7.2.1/../../../../arm-none-eabi/lib/thumb/v7e-m\libg_nano.a(lib_a-nano-svfprintf.o)
                0x08001790                _svfiprintf_r
                0x08001790                _svfprintf_r
 .text._printf_common
                0x0800197c       0xea c:/program files (x86)/gnu tools arm embedded/7 2017-q4-major/bin/../lib/gcc/arm-none-eabi/7.2.1/../../../../arm-none-eabi/lib/thumb/v7e-m\libg_nano.a(lib_a-nano-vfprintf_i.o)
                0x0800197c                _printf_common
 *fill*         0x08001a66        0x2 
 .text._printf_i
                0x08001a68      0x224 c:/program files (x86)/gnu tools arm embedded/7 2017-q4-major/bin/../lib/gcc/arm-none-eabi/7.2.1/../../../../arm-none-eabi/lib/thumb/v7e-m\libg_nano.a(lib_a-nano-vfprintf_i.o)
                0x08001a68                _printf_i
 *fill*         0x08001c8c        0x4 
 .text          0x08001c90       0xa0 c:/program files (x86)/gnu tools arm embedded/7 2017-q4-major/bin/../lib/gcc/arm-none-eabi/7.2.1/../../../../arm-none-eabi/lib/thumb/v7e-m\libg_nano.a(lib_a-memchr.o)
                0x08001c90                memchr
 .text.memcpy   0x08001d30       0x16 c:/program files (x86)/gnu tools arm embedded/7 2017-q4-major/bin/../lib/gcc/arm-none-eabi/7.2.1/../../../../arm-none-eabi/lib/thumb/v7e-m\libg_nano.a(lib_a-memcpy-stub.o)
                0x08001d30                memcpy
 .text.memmove  0x08001d46       0x32 c:/program files (x86)/gnu tools arm embedded/7 2017-q4-major/bin/../lib/gcc/arm-none-eabi/7.2.1/../../../../arm-none-eabi/lib/thumb/v7e-m\libg_nano.a(lib_a-memmove.o)
                0x08001d46                memmove
 .text._free_r  0x08001d78       0x9c c:/program files (x86)/gnu tools arm embedded/7 2017-q4-major/bin/../lib/gcc/arm-none-eabi/7.2.1/../../../../arm-none-eabi/lib/thumb/v7e-m\libg_nano.a(lib_a-nano-freer.o)
                0x08001d78                _free_r
 .text._malloc_r
                0x08001e14       0xb4 c:/program files (x86)/gnu tools arm embedded/7 2017-q4-major/bin/../lib/gcc/arm-none-eabi/7.2.1/../../../../arm-none-eabi/lib/thumb/v7e-m\libg_nano.a(lib_a-nano-mallocr.o)
                0x08001e14                _malloc_r
 .text._realloc_r
                0x08001ec8       0x4c c:/program files (x86)/gnu tools arm embedded/7 2017-q4-major/bin/../lib/gcc/arm-none-eabi/7.2.1/../../../../arm-none-eabi/lib/thumb/v7e-m\libg_nano.a(lib_a-nano-reallocr.o)
                0x08001ec8                _realloc_r
 .text._sbrk_r  0x08001f14       0x20 c:/program files (x86)/gnu tools arm embedded/7 2017-q4-major/bin/../lib/gcc/arm-none-eabi/7.2.1/../../../../arm-none-eabi/lib/thumb/v7e-m\libg_nano.a(lib_a-sbrkr.o)
                0x08001f14                _sbrk_r
 .text.__malloc_lock
                0x08001f34        0x2 c:/program files (x86)/gnu tools arm embedded/7 2017-q4-major/bin/../lib/gcc/arm-none-eabi/7.2.1/../../../../arm-none-eabi/lib/thumb/v7e-m\libg_nano.a(lib_a-mlock.o)
                0x08001f34                __malloc_lock
 .text.__malloc_unlock
                0x08001f36        0x2 c:/program files (x86)/gnu tools arm embedded/7 2017-q4-major/bin/../lib/gcc/arm-none-eabi/7.2.1/../../../../arm-none-eabi/lib/thumb/v7e-m\libg_nano.a(lib_a-mlock.o)
                0x08001f36                __malloc_unlock
 .text._malloc_usable_size_r
                0x08001f38       0x10 c:/program files (x86)/gnu tools arm embedded/7 2017-q4-major/bin/../lib/gcc/arm-none-eabi/7.2.1/../../../../arm-none-eabi/lib/thumb/v7e-m\libg_nano.a(lib_a-nano-msizer.o)
                0x08001f38                _malloc_usable_size_r
 *(.rodata .rodata.* .constdata .constdata.*)
 .rodata.HAL_NVIC_SetPriorityGrouping.str1.4
                0x08001f48       0x31 ./system/src/stm32f4-hal/stm32f4xx_hal_cortex.o
 *fill*         0x08001f79        0x3 
 .rodata.APBAHBPrescTable
                0x08001f7c       0x10 ./system/src/stm32f4-hal/stm32f4xx_hal_rcc.o
                0x08001f7c                APBAHBPrescTable
 .rodata.HAL_RCC_OscConfig.str1.4
                0x08001f8c       0x2e ./system/src/stm32f4-hal/stm32f4xx_hal_rcc.o
 *fill*         0x08001fba        0x2 
 .rodata.abort.str1.4
                0x08001fbc       0x14 ./system/src/newlib/_exit.o
 .rodata.assert_failed.str1.4
                0x08001fd0       0x2b ./system/src/newlib/assert.o
 .rodata.trace_puts.str1.4
                0x08001ffb       0x2b ./system/src/diag/Trace.o
                                  0x2 (size before relaxing)
 *fill*         0x08001ffb        0x1 
 .rodata.dumpExceptionStack.str1.4
                0x08001ffc      0x11a ./system/src/cortexm/exception_handlers.o
 *fill*         0x08002116        0x2 
 .rodata.str1.4
                0x08002118       0x2c ./system/src/cortexm/exception_handlers.o
                                 0x2a (size before relaxing)
 .rodata.AHBPrescTable
                0x08002144       0x10 ./system/src/cmsis/system_stm32f4xx.o
                0x08002144                AHBPrescTable
 .rodata._svfprintf_r.str1.1
                0x08002154       0x11 c:/program files (x86)/gnu tools arm embedded/7 2017-q4-major/bin/../lib/gcc/arm-none-eabi/7.2.1/../../../../arm-none-eabi/lib/thumb/v7e-m\libg_nano.a(lib_a-nano-svfprintf.o)
 .rodata._printf_i.str1.1
                0x08002165       0x22 c:/program files (x86)/gnu tools arm embedded/7 2017-q4-major/bin/../lib/gcc/arm-none-eabi/7.2.1/../../../../arm-none-eabi/lib/thumb/v7e-m\libg_nano.a(lib_a-nano-vfprintf_i.o)
 *(vtable)
 *(.eh_frame*)
 *(.glue_7)
 .glue_7        0x08002187        0x0 linker stubs
 *(.glue_7t)
 .glue_7t       0x08002187        0x0 linker stubs

.vfp11_veneer   0x08002188        0x0
 .vfp11_veneer  0x08002188        0x0 linker stubs

.v4_bx          0x08002188        0x0
 .v4_bx         0x08002188        0x0 linker stubs

.iplt           0x08002188        0x0
 .iplt          0x08002188        0x0 ./system/src/stm32f4-hal/stm32f4xx_hal.o

.rel.dyn        0x08002188        0x0
 .rel.iplt      0x08002188        0x0 ./system/src/stm32f4-hal/stm32f4xx_hal.o

.ARM.extab
 *(.ARM.extab* .gnu.linkonce.armextab.*)
                0x08002188                . = ALIGN (0x4)
                0x08002188                __exidx_start = .

.ARM.exidx
 *(.ARM.exidx* .gnu.linkonce.armexidx.*)
                0x08002188                __exidx_end = .
                0x08002188                . = ALIGN (0x4)
                0x08002188                _etext = .
                0x08002188                __etext = .

.data_CCMRAM    0x10000000        0x0 load address 0x08002188
 FILL mask 0xff
 *(.data.CCMRAM .data.CCMRAM.*)
                0x10000000                . = ALIGN (0x4)
                0x08002188                _sidata = LOADADDR (.data)

.data           0x20000000       0x78 load address 0x08002188
 FILL mask 0xff
                0x20000000                _sdata = .
                0x20000000                __data_start__ = .
 *(.data_begin .data_begin.*)
 .data_begin    0x20000000        0x4 ./system/src/newlib/_startup.o
 *(.data .data.*)
 .data.argv.4310
                0x20000004        0x8 ./system/src/newlib/_syscalls.o
 .data.SystemCoreClock
                0x2000000c        0x4 ./system/src/cmsis/system_stm32f4xx.o
                0x2000000c                SystemCoreClock
 .data._impure_ptr
                0x20000010        0x4 c:/program files (x86)/gnu tools arm embedded/7 2017-q4-major/bin/../lib/gcc/arm-none-eabi/7.2.1/../../../../arm-none-eabi/lib/thumb/v7e-m\libg_nano.a(lib_a-impure.o)
                0x20000010                _impure_ptr
 .data.impure_data
                0x20000014       0x60 c:/program files (x86)/gnu tools arm embedded/7 2017-q4-major/bin/../lib/gcc/arm-none-eabi/7.2.1/../../../../arm-none-eabi/lib/thumb/v7e-m\libg_nano.a(lib_a-impure.o)
 *(.data_end .data_end.*)
 .data_end      0x20000074        0x4 ./system/src/newlib/_startup.o
                0x20000078                . = ALIGN (0x4)
                0x20000078                _edata = .
                0x20000078                __data_end__ = .

.igot.plt       0x20000078        0x0 load address 0x08002200
 .igot.plt      0x20000078        0x0 ./system/src/stm32f4-hal/stm32f4xx_hal.o

.bss_CCMRAM     0x10000000        0x0
 *(.bss.CCMRAM .bss.CCMRAM.*)

.bss            0x20000078       0xac
                0x20000078                __bss_start__ = .
                0x20000078                _sbss = .
 *(.bss_begin .bss_begin.*)
 .bss_begin     0x20000078        0x4 ./system/src/newlib/_startup.o
 *(.bss .bss.*)
 .bss.current_heap_end.3961
                0x2000007c        0x4 ./system/src/newlib/_sbrk.o
 .bss.name.4309
                0x20000080        0x1 ./system/src/newlib/_syscalls.o
 *fill*         0x20000081        0x3 
 .bss.buf.5205  0x20000084       0x80 ./system/src/diag/Trace.o
 .bss.volume    0x20000104        0x2 ./src/adc.o
                0x20000104                volume
 *fill*         0x20000106        0x2 
 .bss.__malloc_free_list
                0x20000108        0x4 c:/program files (x86)/gnu tools arm embedded/7 2017-q4-major/bin/../lib/gcc/arm-none-eabi/7.2.1/../../../../arm-none-eabi/lib/thumb/v7e-m\libg_nano.a(lib_a-nano-mallocr.o)
                0x20000108                __malloc_free_list
 .bss.__malloc_sbrk_start
                0x2000010c        0x4 c:/program files (x86)/gnu tools arm embedded/7 2017-q4-major/bin/../lib/gcc/arm-none-eabi/7.2.1/../../../../arm-none-eabi/lib/thumb/v7e-m\libg_nano.a(lib_a-nano-mallocr.o)
                0x2000010c                __malloc_sbrk_start
 *(COMMON)
 COMMON         0x20000110        0x4 ./system/src/stm32f4-hal/stm32f4xx_hal.o
                0x20000110                uwTick
 COMMON         0x20000114        0x4 ./system/src/newlib/_syscalls.o
                0x20000114                errno
 COMMON         0x20000118        0x8 ./src/adc.o
                0x20000118                rgb
                0x20000119                mode
                0x2000011a                resetPin
                0x2000011c                colorCount
 *(.bss_end .bss_end.*)
 .bss_end       0x20000120        0x4 ./system/src/newlib/_startup.o
                0x20000124                . = ALIGN (0x4)
                0x20000124                __bss_end__ = .
                0x20000124                _ebss = .

.noinit_CCMRAM
 *(.noinit.CCMRAM .noinit.CCMRAM.*)

.noinit         0x20000124        0x0
                0x20000124                _noinit = .
 *(.noinit .noinit.*)
                0x20000124                . = ALIGN (0x4)
                0x20000124                _end_noinit = .
                [!provide]                PROVIDE (end, _end_noinit)
                [!provide]                PROVIDE (_end, _end_noinit)
                [!provide]                PROVIDE (__end, _end_noinit)
                [!provide]                PROVIDE (__end__, _end_noinit)

._check_stack   0x20000124      0x100
                0x20000224                . = (. + _Minimum_Stack_Size)
 *fill*         0x20000124      0x100 

.b1text
 *(.b1text)
 *(.b1rodata)
 *(.b1rodata.*)

.eb0text
 *(.eb0text)
 *(.eb0rodata)
 *(.eb0rodata.*)

.eb1text
 *(.eb1text)
 *(.eb1rodata)
 *(.eb1rodata.*)

.eb2text
 *(.eb2text)
 *(.eb2rodata)
 *(.eb2rodata.*)

.eb3text
 *(.eb3text)
 *(.eb3rodata)
 *(.eb3rodata.*)

.stab
 *(.stab)

.stabstr
 *(.stabstr)

.stab.excl
 *(.stab.excl)

.stab.exclstr
 *(.stab.exclstr)

.stab.index
 *(.stab.index)

.stab.indexstr
 *(.stab.indexstr)

.comment        0x00000000       0xec
 *(.comment)
 .comment       0x00000000       0x7e ./system/src/stm32f4-hal/stm32f4xx_hal.o
                                 0x7f (size before relaxing)
 .comment       0x0000007e       0x7f ./system/src/stm32f4-hal/stm32f4xx_hal_cortex.o
 .comment       0x0000007e       0x7f ./system/src/stm32f4-hal/stm32f4xx_hal_rcc.o
 .comment       0x0000007e       0x7f ./system/src/newlib/_exit.o
 .comment       0x0000007e       0x7f ./system/src/newlib/_sbrk.o
 .comment       0x0000007e       0x7f ./system/src/newlib/_startup.o
 .comment       0x0000007e       0x7f ./system/src/newlib/_syscalls.o
 .comment       0x0000007e       0x7f ./system/src/newlib/assert.o
 .comment       0x0000007e       0x7f ./system/src/diag/Trace.o
 .comment       0x0000007e       0x7f ./system/src/diag/trace_impl.o
 .comment       0x0000007e       0x7f ./system/src/cortexm/_initialize_hardware.o
 .comment       0x0000007e       0x7f ./system/src/cortexm/exception_handlers.o
 .comment       0x0000007e       0x7f ./system/src/cmsis/system_stm32f4xx.o
 .comment       0x0000007e       0x7f ./system/src/cmsis/vectors_stm32f446xx.o
 .comment       0x0000007e       0x7f ./src/WM8731.o
 .comment       0x0000007e       0x7f ./src/_initialize_hardware.o
 .comment       0x0000007e       0x7f ./src/adc.o
 .comment       0x0000007e       0x7f ./src/gpio.o
 .comment       0x0000007e       0x7f ./src/main.o
 .comment       0x0000007e       0x6e ./src/stm32f4xx_hal_msp.o
                                 0x6f (size before relaxing)
 .comment       0x000000ec       0x7f ./src/timer.o

.ARM.attributes
                0x00000000       0x31
 .ARM.attributes
                0x00000000       0x33 ./system/src/stm32f4-hal/stm32f4xx_hal.o
 .ARM.attributes
                0x00000033       0x33 ./system/src/stm32f4-hal/stm32f4xx_hal_cortex.o
 .ARM.attributes
                0x00000066       0x33 ./system/src/stm32f4-hal/stm32f4xx_hal_rcc.o
 .ARM.attributes
                0x00000099       0x33 ./system/src/newlib/_exit.o
 .ARM.attributes
                0x000000cc       0x33 ./system/src/newlib/_sbrk.o
 .ARM.attributes
                0x000000ff       0x33 ./system/src/newlib/_startup.o
 .ARM.attributes
                0x00000132       0x33 ./system/src/newlib/_syscalls.o
 .ARM.attributes
                0x00000165       0x33 ./system/src/newlib/assert.o
 .ARM.attributes
                0x00000198       0x33 ./system/src/diag/Trace.o
 .ARM.attributes
                0x000001cb       0x33 ./system/src/diag/trace_impl.o
 .ARM.attributes
                0x000001fe       0x33 ./system/src/cortexm/_initialize_hardware.o
 .ARM.attributes
                0x00000231       0x33 ./system/src/cortexm/exception_handlers.o
 .ARM.attributes
                0x00000264       0x33 ./system/src/cmsis/system_stm32f4xx.o
 .ARM.attributes
                0x00000297       0x33 ./system/src/cmsis/vectors_stm32f446xx.o
 .ARM.attributes
                0x000002ca       0x33 ./src/WM8731.o
 .ARM.attributes
                0x000002fd       0x33 ./src/_initialize_hardware.o
 .ARM.attributes
                0x00000330       0x33 ./src/adc.o
 .ARM.attributes
                0x00000363       0x33 ./src/gpio.o
 .ARM.attributes
                0x00000396       0x33 ./src/main.o
 .ARM.attributes
                0x000003c9       0x33 ./src/stm32f4xx_hal_msp.o
 .ARM.attributes
                0x000003fc       0x33 ./src/timer.o
 .ARM.attributes
                0x0000042f       0x2e c:/program files (x86)/gnu tools arm embedded/7 2017-q4-major/bin/../lib/gcc/arm-none-eabi/7.2.1/../../../../arm-none-eabi/lib/thumb/v7e-m\libg_nano.a(lib_a-errno.o)
 .ARM.attributes
                0x0000045d       0x2e c:/program files (x86)/gnu tools arm embedded/7 2017-q4-major/bin/../lib/gcc/arm-none-eabi/7.2.1/../../../../arm-none-eabi/lib/thumb/v7e-m\libg_nano.a(lib_a-impure.o)
 .ARM.attributes
                0x0000048b       0x17 c:/program files (x86)/gnu tools arm embedded/7 2017-q4-major/bin/../lib/gcc/arm-none-eabi/7.2.1/../../../../arm-none-eabi/lib/thumb/v7e-m\libg_nano.a(lib_a-strlen.o)
 .ARM.attributes
                0x000004a2       0x2e c:/program files (x86)/gnu tools arm embedded/7 2017-q4-major/bin/../lib/gcc/arm-none-eabi/7.2.1/../../../../arm-none-eabi/lib/thumb/v7e-m\libg_nano.a(lib_a-vsnprintf.o)
 .ARM.attributes
                0x000004d0       0x2e c:/program files (x86)/gnu tools arm embedded/7 2017-q4-major/bin/../lib/gcc/arm-none-eabi/7.2.1/../../../../arm-none-eabi/lib/thumb/v7e-m\libg_nano.a(lib_a-nano-svfprintf.o)
 .ARM.attributes
                0x000004fe       0x2e c:/program files (x86)/gnu tools arm embedded/7 2017-q4-major/bin/../lib/gcc/arm-none-eabi/7.2.1/../../../../arm-none-eabi/lib/thumb/v7e-m\libg_nano.a(lib_a-nano-vfprintf_i.o)
 .ARM.attributes
                0x0000052c       0x1c c:/program files (x86)/gnu tools arm embedded/7 2017-q4-major/bin/../lib/gcc/arm-none-eabi/7.2.1/../../../../arm-none-eabi/lib/thumb/v7e-m\libg_nano.a(lib_a-memchr.o)
 .ARM.attributes
                0x00000548       0x2e c:/program files (x86)/gnu tools arm embedded/7 2017-q4-major/bin/../lib/gcc/arm-none-eabi/7.2.1/../../../../arm-none-eabi/lib/thumb/v7e-m\libg_nano.a(lib_a-memcpy-stub.o)
 .ARM.attributes
                0x00000576       0x2e c:/program files (x86)/gnu tools arm embedded/7 2017-q4-major/bin/../lib/gcc/arm-none-eabi/7.2.1/../../../../arm-none-eabi/lib/thumb/v7e-m\libg_nano.a(lib_a-memmove.o)
 .ARM.attributes
                0x000005a4       0x2e c:/program files (x86)/gnu tools arm embedded/7 2017-q4-major/bin/../lib/gcc/arm-none-eabi/7.2.1/../../../../arm-none-eabi/lib/thumb/v7e-m\libg_nano.a(lib_a-nano-freer.o)
 .ARM.attributes
                0x000005d2       0x2e c:/program files (x86)/gnu tools arm embedded/7 2017-q4-major/bin/../lib/gcc/arm-none-eabi/7.2.1/../../../../arm-none-eabi/lib/thumb/v7e-m\libg_nano.a(lib_a-nano-mallocr.o)
 .ARM.attributes
                0x00000600       0x2e c:/program files (x86)/gnu tools arm embedded/7 2017-q4-major/bin/../lib/gcc/arm-none-eabi/7.2.1/../../../../arm-none-eabi/lib/thumb/v7e-m\libg_nano.a(lib_a-nano-reallocr.o)
 .ARM.attributes
                0x0000062e       0x2e c:/program files (x86)/gnu tools arm embedded/7 2017-q4-major/bin/../lib/gcc/arm-none-eabi/7.2.1/../../../../arm-none-eabi/lib/thumb/v7e-m\libg_nano.a(lib_a-sbrkr.o)
 .ARM.attributes
                0x0000065c       0x2e c:/program files (x86)/gnu tools arm embedded/7 2017-q4-major/bin/../lib/gcc/arm-none-eabi/7.2.1/../../../../arm-none-eabi/lib/thumb/v7e-m\libg_nano.a(lib_a-mlock.o)
 .ARM.attributes
                0x0000068a       0x2e c:/program files (x86)/gnu tools arm embedded/7 2017-q4-major/bin/../lib/gcc/arm-none-eabi/7.2.1/../../../../arm-none-eabi/lib/thumb/v7e-m\libg_nano.a(lib_a-nano-msizer.o)

.debug
 *(.debug)

.line
 *(.line)

.debug_srcinfo
 *(.debug_srcinfo)

.debug_sfnames
 *(.debug_sfnames)

.debug_aranges  0x00000000      0x5e8
 *(.debug_aranges)
 .debug_aranges
                0x00000000       0xc0 ./system/src/stm32f4-hal/stm32f4xx_hal.o
 .debug_aranges
                0x000000c0       0x98 ./system/src/stm32f4-hal/stm32f4xx_hal_cortex.o
 .debug_aranges
                0x00000158       0x88 ./system/src/stm32f4-hal/stm32f4xx_hal_rcc.o
 .debug_aranges
                0x000001e0       0x28 ./system/src/newlib/_exit.o
 .debug_aranges
                0x00000208       0x20 ./system/src/newlib/_sbrk.o
 .debug_aranges
                0x00000228       0x40 ./system/src/newlib/_startup.o
 .debug_aranges
                0x00000268       0x30 ./system/src/newlib/_syscalls.o
 .debug_aranges
                0x00000298       0x28 ./system/src/newlib/assert.o
 .debug_aranges
                0x000002c0       0x38 ./system/src/diag/Trace.o
 .debug_aranges
                0x000002f8       0x30 ./system/src/diag/trace_impl.o
 .debug_aranges
                0x00000328       0x28 ./system/src/cortexm/_initialize_hardware.o
 .debug_aranges
                0x00000350       0x90 ./system/src/cortexm/exception_handlers.o
 .debug_aranges
                0x000003e0       0x28 ./system/src/cmsis/system_stm32f4xx.o
 .debug_aranges
                0x00000408       0x20 ./system/src/cmsis/vectors_stm32f446xx.o
 .debug_aranges
                0x00000428       0x68 ./src/WM8731.o
 .debug_aranges
                0x00000490       0x28 ./src/_initialize_hardware.o
 .debug_aranges
                0x000004b8       0x38 ./src/adc.o
 .debug_aranges
                0x000004f0       0x78 ./src/gpio.o
 .debug_aranges
                0x00000568       0x20 ./src/main.o
 .debug_aranges
                0x00000588       0x38 ./src/stm32f4xx_hal_msp.o
 .debug_aranges
                0x000005c0       0x28 ./src/timer.o

.debug_pubnames
 *(.debug_pubnames)

.debug_info     0x00000000    0x10fd0
 *(.debug_info .gnu.linkonce.wi.*)
 .debug_info    0x00000000     0x1142 ./system/src/stm32f4-hal/stm32f4xx_hal.o
 .debug_info    0x00001142     0x1917 ./system/src/stm32f4-hal/stm32f4xx_hal_cortex.o
 .debug_info    0x00002a59     0x1794 ./system/src/stm32f4-hal/stm32f4xx_hal_rcc.o
 .debug_info    0x000041ed      0x956 ./system/src/newlib/_exit.o
 .debug_info    0x00004b43      0x942 ./system/src/newlib/_sbrk.o
 .debug_info    0x00005485      0x4bc ./system/src/newlib/_startup.o
 .debug_info    0x00005941      0xa19 ./system/src/newlib/_syscalls.o
 .debug_info    0x0000635a      0x9ff ./system/src/newlib/assert.o
 .debug_info    0x00006d59      0xb2a ./system/src/diag/Trace.o
 .debug_info    0x00007883      0xb6a ./system/src/diag/trace_impl.o
 .debug_info    0x000083ed      0xade ./system/src/cortexm/_initialize_hardware.o
 .debug_info    0x00008ecb     0x115a ./system/src/cortexm/exception_handlers.o
 .debug_info    0x0000a025      0xd08 ./system/src/cmsis/system_stm32f4xx.o
 .debug_info    0x0000ad2d       0xca ./system/src/cmsis/vectors_stm32f446xx.o
 .debug_info    0x0000adf7      0xe23 ./src/WM8731.o
 .debug_info    0x0000bc1a      0xd4a ./src/_initialize_hardware.o
 .debug_info    0x0000c964     0x10e5 ./src/adc.o
 .debug_info    0x0000da49     0x10b2 ./src/gpio.o
 .debug_info    0x0000eafb      0xbb4 ./src/main.o
 .debug_info    0x0000f6af      0x90b ./src/stm32f4xx_hal_msp.o
 .debug_info    0x0000ffba     0x1016 ./src/timer.o

.debug_abbrev   0x00000000     0x31d9
 *(.debug_abbrev)
 .debug_abbrev  0x00000000      0x32b ./system/src/stm32f4-hal/stm32f4xx_hal.o
 .debug_abbrev  0x0000032b      0x3f1 ./system/src/stm32f4-hal/stm32f4xx_hal_cortex.o
 .debug_abbrev  0x0000071c      0x394 ./system/src/stm32f4-hal/stm32f4xx_hal_rcc.o
 .debug_abbrev  0x00000ab0      0x1f3 ./system/src/newlib/_exit.o
 .debug_abbrev  0x00000ca3      0x1fc ./system/src/newlib/_sbrk.o
 .debug_abbrev  0x00000e9f      0x1e9 ./system/src/newlib/_startup.o
 .debug_abbrev  0x00001088      0x234 ./system/src/newlib/_syscalls.o
 .debug_abbrev  0x000012bc      0x1f3 ./system/src/newlib/assert.o
 .debug_abbrev  0x000014af      0x276 ./system/src/diag/Trace.o
 .debug_abbrev  0x00001725      0x2e0 ./system/src/diag/trace_impl.o
 .debug_abbrev  0x00001a05      0x1de ./system/src/cortexm/_initialize_hardware.o
 .debug_abbrev  0x00001be3      0x32b ./system/src/cortexm/exception_handlers.o
 .debug_abbrev  0x00001f0e      0x216 ./system/src/cmsis/system_stm32f4xx.o
 .debug_abbrev  0x00002124       0x9d ./system/src/cmsis/vectors_stm32f446xx.o
 .debug_abbrev  0x000021c1      0x26f ./src/WM8731.o
 .debug_abbrev  0x00002430      0x22d ./src/_initialize_hardware.o
 .debug_abbrev  0x0000265d      0x2a4 ./src/adc.o
 .debug_abbrev  0x00002901      0x2cd ./src/gpio.o
 .debug_abbrev  0x00002bce      0x1ef ./src/main.o
 .debug_abbrev  0x00002dbd      0x1b1 ./src/stm32f4xx_hal_msp.o
 .debug_abbrev  0x00002f6e      0x26b ./src/timer.o

.debug_line     0x00000000     0xba3e
 *(.debug_line)
 .debug_line    0x00000000      0xc2e ./system/src/stm32f4-hal/stm32f4xx_hal.o
 .debug_line    0x00000c2e      0xd25 ./system/src/stm32f4-hal/stm32f4xx_hal_cortex.o
 .debug_line    0x00001953      0xeb0 ./system/src/stm32f4-hal/stm32f4xx_hal_rcc.o
 .debug_line    0x00002803      0x36e ./system/src/newlib/_exit.o
 .debug_line    0x00002b71      0x323 ./system/src/newlib/_sbrk.o
 .debug_line    0x00002e94      0x3eb ./system/src/newlib/_startup.o
 .debug_line    0x0000327f      0x441 ./system/src/newlib/_syscalls.o
 .debug_line    0x000036c0      0x3a9 ./system/src/newlib/assert.o
 .debug_line    0x00003a69      0x3e8 ./system/src/diag/Trace.o
 .debug_line    0x00003e51      0xb60 ./system/src/diag/trace_impl.o
 .debug_line    0x000049b1      0xaca ./system/src/cortexm/_initialize_hardware.o
 .debug_line    0x0000547b      0xc18 ./system/src/cortexm/exception_handlers.o
 .debug_line    0x00006093      0xad0 ./system/src/cmsis/system_stm32f4xx.o
 .debug_line    0x00006b63      0x10a ./system/src/cmsis/vectors_stm32f446xx.o
 .debug_line    0x00006c6d      0xba4 ./src/WM8731.o
 .debug_line    0x00007811      0xac0 ./src/_initialize_hardware.o
 .debug_line    0x000082d1      0xb09 ./src/adc.o
 .debug_line    0x00008dda      0xbc1 ./src/gpio.o
 .debug_line    0x0000999b      0xb1f ./src/main.o
 .debug_line    0x0000a4ba      0xaa1 ./src/stm32f4xx_hal_msp.o
 .debug_line    0x0000af5b      0xae3 ./src/timer.o

.debug_frame    0x00000000      0xe58
 *(.debug_frame)
 .debug_frame   0x00000000      0x188 ./system/src/stm32f4-hal/stm32f4xx_hal.o
 .debug_frame   0x00000188      0x17c ./system/src/stm32f4-hal/stm32f4xx_hal_cortex.o
 .debug_frame   0x00000304      0x140 ./system/src/stm32f4-hal/stm32f4xx_hal_rcc.o
 .debug_frame   0x00000444       0x38 ./system/src/newlib/_exit.o
 .debug_frame   0x0000047c       0x28 ./system/src/newlib/_sbrk.o
 .debug_frame   0x000004a4       0x7c ./system/src/newlib/_startup.o
 .debug_frame   0x00000520       0x50 ./system/src/newlib/_syscalls.o
 .debug_frame   0x00000570       0x40 ./system/src/newlib/assert.o
 .debug_frame   0x000005b0       0x94 ./system/src/diag/Trace.o
 .debug_frame   0x00000644       0x64 ./system/src/diag/trace_impl.o
 .debug_frame   0x000006a8       0x40 ./system/src/cortexm/_initialize_hardware.o
 .debug_frame   0x000006e8      0x158 ./system/src/cortexm/exception_handlers.o
 .debug_frame   0x00000840       0x30 ./system/src/cmsis/system_stm32f4xx.o
 .debug_frame   0x00000870       0x20 ./system/src/cmsis/vectors_stm32f446xx.o
 .debug_frame   0x00000890       0xe8 ./src/WM8731.o
 .debug_frame   0x00000978       0x48 ./src/_initialize_hardware.o
 .debug_frame   0x000009c0       0x50 ./src/adc.o
 .debug_frame   0x00000a10       0xd0 ./src/gpio.o
 .debug_frame   0x00000ae0       0x28 ./src/main.o
 .debug_frame   0x00000b08       0x50 ./src/stm32f4xx_hal_msp.o
 .debug_frame   0x00000b58       0x38 ./src/timer.o
 .debug_frame   0x00000b90       0x20 c:/program files (x86)/gnu tools arm embedded/7 2017-q4-major/bin/../lib/gcc/arm-none-eabi/7.2.1/../../../../arm-none-eabi/lib/thumb/v7e-m\libg_nano.a(lib_a-errno.o)
 .debug_frame   0x00000bb0       0x4c c:/program files (x86)/gnu tools arm embedded/7 2017-q4-major/bin/../lib/gcc/arm-none-eabi/7.2.1/../../../../arm-none-eabi/lib/thumb/v7e-m\libg_nano.a(lib_a-vsnprintf.o)
 .debug_frame   0x00000bfc       0x90 c:/program files (x86)/gnu tools arm embedded/7 2017-q4-major/bin/../lib/gcc/arm-none-eabi/7.2.1/../../../../arm-none-eabi/lib/thumb/v7e-m\libg_nano.a(lib_a-nano-svfprintf.o)
 .debug_frame   0x00000c8c       0x60 c:/program files (x86)/gnu tools arm embedded/7 2017-q4-major/bin/../lib/gcc/arm-none-eabi/7.2.1/../../../../arm-none-eabi/lib/thumb/v7e-m\libg_nano.a(lib_a-nano-vfprintf_i.o)
 .debug_frame   0x00000cec       0x28 c:/program files (x86)/gnu tools arm embedded/7 2017-q4-major/bin/../lib/gcc/arm-none-eabi/7.2.1/../../../../arm-none-eabi/lib/thumb/v7e-m\libg_nano.a(lib_a-memcpy-stub.o)
 .debug_frame   0x00000d14       0x28 c:/program files (x86)/gnu tools arm embedded/7 2017-q4-major/bin/../lib/gcc/arm-none-eabi/7.2.1/../../../../arm-none-eabi/lib/thumb/v7e-m\libg_nano.a(lib_a-memmove.o)
 .debug_frame   0x00000d3c       0x38 c:/program files (x86)/gnu tools arm embedded/7 2017-q4-major/bin/../lib/gcc/arm-none-eabi/7.2.1/../../../../arm-none-eabi/lib/thumb/v7e-m\libg_nano.a(lib_a-nano-freer.o)
 .debug_frame   0x00000d74       0x2c c:/program files (x86)/gnu tools arm embedded/7 2017-q4-major/bin/../lib/gcc/arm-none-eabi/7.2.1/../../../../arm-none-eabi/lib/thumb/v7e-m\libg_nano.a(lib_a-nano-mallocr.o)
 .debug_frame   0x00000da0       0x3c c:/program files (x86)/gnu tools arm embedded/7 2017-q4-major/bin/../lib/gcc/arm-none-eabi/7.2.1/../../../../arm-none-eabi/lib/thumb/v7e-m\libg_nano.a(lib_a-nano-reallocr.o)
 .debug_frame   0x00000ddc       0x2c c:/program files (x86)/gnu tools arm embedded/7 2017-q4-major/bin/../lib/gcc/arm-none-eabi/7.2.1/../../../../arm-none-eabi/lib/thumb/v7e-m\libg_nano.a(lib_a-sbrkr.o)
 .debug_frame   0x00000e08       0x30 c:/program files (x86)/gnu tools arm embedded/7 2017-q4-major/bin/../lib/gcc/arm-none-eabi/7.2.1/../../../../arm-none-eabi/lib/thumb/v7e-m\libg_nano.a(lib_a-mlock.o)
 .debug_frame   0x00000e38       0x20 c:/program files (x86)/gnu tools arm embedded/7 2017-q4-major/bin/../lib/gcc/arm-none-eabi/7.2.1/../../../../arm-none-eabi/lib/thumb/v7e-m\libg_nano.a(lib_a-nano-msizer.o)

.debug_str      0x00000000    0x9f80c
 *(.debug_str)
 .debug_str     0x00000000    0x9ad13 ./system/src/stm32f4-hal/stm32f4xx_hal.o
                              0x9b397 (size before relaxing)
 .debug_str     0x0009ad13      0x39d ./system/src/stm32f4-hal/stm32f4xx_hal_cortex.o
                              0x9b1ee (size before relaxing)
 .debug_str     0x0009b0b0      0x405 ./system/src/stm32f4-hal/stm32f4xx_hal_rcc.o
                              0x9ad7b (size before relaxing)
 .debug_str     0x0009b4b5     0x10ff ./system/src/newlib/_exit.o
                               0x7ef0 (size before relaxing)
 .debug_str     0x0009c5b4      0x4f5 ./system/src/newlib/_sbrk.o
                               0x72a2 (size before relaxing)
 .debug_str     0x0009caa9      0x2c6 ./system/src/newlib/_startup.o
                               0x6a43 (size before relaxing)
 .debug_str     0x0009cd6f      0xe8b ./system/src/newlib/_syscalls.o
                               0x817d (size before relaxing)
 .debug_str     0x0009dbfa       0xd0 ./system/src/newlib/assert.o
                               0x89f5 (size before relaxing)
 .debug_str     0x0009dcca      0x176 ./system/src/diag/Trace.o
                               0x8668 (size before relaxing)
 .debug_str     0x0009de40      0x37b ./system/src/diag/trace_impl.o
                              0x9bae0 (size before relaxing)
 .debug_str     0x0009e1bb       0x5e ./system/src/cortexm/_initialize_hardware.o
                              0x9a872 (size before relaxing)
 .debug_str     0x0009e219      0x19d ./system/src/cortexm/exception_handlers.o
                              0x9bc6a (size before relaxing)
 .debug_str     0x0009e3b6       0x46 ./system/src/cmsis/system_stm32f4xx.o
                              0x9a966 (size before relaxing)
 .debug_str     0x0009e3fc       0x59 ./system/src/cmsis/vectors_stm32f446xx.o
                               0x3880 (size before relaxing)
 .debug_str     0x0009e455      0x888 ./src/WM8731.o
                              0x9b16c (size before relaxing)
 .debug_str     0x0009ecdd       0x31 ./src/_initialize_hardware.o
                              0x9aa81 (size before relaxing)
 .debug_str     0x0009ed0e       0xa7 ./src/adc.o
                              0x9b6ad (size before relaxing)
 .debug_str     0x0009edb5       0xf6 ./src/gpio.o
                              0x9b6f0 (size before relaxing)
 .debug_str     0x0009eeab       0x23 ./src/main.o
                              0x9c166 (size before relaxing)
 .debug_str     0x0009eece      0x908 ./src/stm32f4xx_hal_msp.o
                              0x99d0b (size before relaxing)
 .debug_str     0x0009f7d6       0x36 ./src/timer.o
                              0x9b654 (size before relaxing)

.debug_loc      0x00000000     0x1912
 *(.debug_loc)
 .debug_loc     0x00000000       0x92 ./system/src/stm32f4-hal/stm32f4xx_hal.o
 .debug_loc     0x00000092      0x73b ./system/src/stm32f4-hal/stm32f4xx_hal_cortex.o
 .debug_loc     0x000007cd      0x50a ./system/src/stm32f4-hal/stm32f4xx_hal_rcc.o
 .debug_loc     0x00000cd7       0x85 ./system/src/newlib/_sbrk.o
 .debug_loc     0x00000d5c      0x2cb ./system/src/newlib/_startup.o
 .debug_loc     0x00001027       0x63 ./system/src/newlib/_syscalls.o
 .debug_loc     0x0000108a      0x134 ./system/src/newlib/assert.o
 .debug_loc     0x000011be       0xf6 ./system/src/diag/Trace.o
 .debug_loc     0x000012b4      0x121 ./system/src/diag/trace_impl.o
 .debug_loc     0x000013d5      0x291 ./system/src/cortexm/exception_handlers.o
 .debug_loc     0x00001666      0x13e ./system/src/cmsis/system_stm32f4xx.o
 .debug_loc     0x000017a4       0x4f ./src/WM8731.o
 .debug_loc     0x000017f3       0x14 ./src/adc.o
 .debug_loc     0x00001807       0xb5 ./src/gpio.o
 .debug_loc     0x000018bc       0x42 ./src/main.o
 .debug_loc     0x000018fe       0x14 ./src/timer.o

.debug_macinfo
 *(.debug_macinfo)

.debug_weaknames
 *(.debug_weaknames)

.debug_funcnames
 *(.debug_funcnames)

.debug_typenames
 *(.debug_typenames)

.debug_varnames
 *(.debug_varnames)
OUTPUT(Flashy_led.elf elf32-littlearm)

.debug_ranges   0x00000000      0x588
 .debug_ranges  0x00000000       0xb0 ./system/src/stm32f4-hal/stm32f4xx_hal.o
 .debug_ranges  0x000000b0       0xe8 ./system/src/stm32f4-hal/stm32f4xx_hal_cortex.o
 .debug_ranges  0x00000198       0x78 ./system/src/stm32f4-hal/stm32f4xx_hal_rcc.o
 .debug_ranges  0x00000210       0x18 ./system/src/newlib/_exit.o
 .debug_ranges  0x00000228       0x10 ./system/src/newlib/_sbrk.o
 .debug_ranges  0x00000238       0x90 ./system/src/newlib/_startup.o
 .debug_ranges  0x000002c8       0x20 ./system/src/newlib/_syscalls.o
 .debug_ranges  0x000002e8       0x18 ./system/src/newlib/assert.o
 .debug_ranges  0x00000300       0x28 ./system/src/diag/Trace.o
 .debug_ranges  0x00000328       0x50 ./system/src/diag/trace_impl.o
 .debug_ranges  0x00000378       0x18 ./system/src/cortexm/_initialize_hardware.o
 .debug_ranges  0x00000390       0x80 ./system/src/cortexm/exception_handlers.o
 .debug_ranges  0x00000410       0x18 ./system/src/cmsis/system_stm32f4xx.o
 .debug_ranges  0x00000428       0x10 ./system/src/cmsis/vectors_stm32f446xx.o
 .debug_ranges  0x00000438       0x58 ./src/WM8731.o
 .debug_ranges  0x00000490       0x18 ./src/_initialize_hardware.o
 .debug_ranges  0x000004a8       0x28 ./src/adc.o
 .debug_ranges  0x000004d0       0x68 ./src/gpio.o
 .debug_ranges  0x00000538       0x10 ./src/main.o
 .debug_ranges  0x00000548       0x28 ./src/stm32f4xx_hal_msp.o
 .debug_ranges  0x00000570       0x18 ./src/timer.o

.debug_macro    0x00000000    0x1e2ea
 .debug_macro   0x00000000      0x573 ./system/src/stm32f4-hal/stm32f4xx_hal.o
 .debug_macro   0x00000573      0xa6c ./system/src/stm32f4-hal/stm32f4xx_hal.o
 .debug_macro   0x00000fdf      0x289 ./system/src/stm32f4-hal/stm32f4xx_hal.o
 .debug_macro   0x00001268       0x31 ./system/src/stm32f4-hal/stm32f4xx_hal.o
 .debug_macro   0x00001299       0x28 ./system/src/stm32f4-hal/stm32f4xx_hal.o
 .debug_macro   0x000012c1      0x34e ./system/src/stm32f4-hal/stm32f4xx_hal.o
 .debug_macro   0x0000160f       0x35 ./system/src/stm32f4-hal/stm32f4xx_hal.o
 .debug_macro   0x00001644       0x50 ./system/src/stm32f4-hal/stm32f4xx_hal.o
 .debug_macro   0x00001694      0xe66 ./system/src/stm32f4-hal/stm32f4xx_hal.o
 .debug_macro   0x000024fa     0x97db ./system/src/stm32f4-hal/stm32f4xx_hal.o
 .debug_macro   0x0000bcd5       0x43 ./system/src/stm32f4-hal/stm32f4xx_hal.o
 .debug_macro   0x0000bd18     0x347f ./system/src/stm32f4-hal/stm32f4xx_hal.o
 .debug_macro   0x0000f197       0x22 ./system/src/stm32f4-hal/stm32f4xx_hal.o
 .debug_macro   0x0000f1b9       0x52 ./system/src/stm32f4-hal/stm32f4xx_hal.o
 .debug_macro   0x0000f20b       0x17 ./system/src/stm32f4-hal/stm32f4xx_hal.o
 .debug_macro   0x0000f222       0x8d ./system/src/stm32f4-hal/stm32f4xx_hal.o
 .debug_macro   0x0000f2af       0x35 ./system/src/stm32f4-hal/stm32f4xx_hal.o
 .debug_macro   0x0000f2e4       0x9c ./system/src/stm32f4-hal/stm32f4xx_hal.o
 .debug_macro   0x0000f380       0x16 ./system/src/stm32f4-hal/stm32f4xx_hal.o
 .debug_macro   0x0000f396       0x57 ./system/src/stm32f4-hal/stm32f4xx_hal.o
 .debug_macro   0x0000f3ed       0x97 ./system/src/stm32f4-hal/stm32f4xx_hal.o
 .debug_macro   0x0000f484      0x330 ./system/src/stm32f4-hal/stm32f4xx_hal.o
 .debug_macro   0x0000f7b4       0xfd ./system/src/stm32f4-hal/stm32f4xx_hal.o
 .debug_macro   0x0000f8b1       0x10 ./system/src/stm32f4-hal/stm32f4xx_hal.o
 .debug_macro   0x0000f8c1       0x58 ./system/src/stm32f4-hal/stm32f4xx_hal.o
 .debug_macro   0x0000f919       0x1f ./system/src/stm32f4-hal/stm32f4xx_hal.o
 .debug_macro   0x0000f938       0x43 ./system/src/stm32f4-hal/stm32f4xx_hal.o
 .debug_macro   0x0000f97b       0x20 ./system/src/stm32f4-hal/stm32f4xx_hal.o
 .debug_macro   0x0000f99b      0x18e ./system/src/stm32f4-hal/stm32f4xx_hal.o
 .debug_macro   0x0000fb29       0x10 ./system/src/stm32f4-hal/stm32f4xx_hal.o
 .debug_macro   0x0000fb39       0x6a ./system/src/stm32f4-hal/stm32f4xx_hal.o
 .debug_macro   0x0000fba3       0x1c ./system/src/stm32f4-hal/stm32f4xx_hal.o
 .debug_macro   0x0000fbbf       0x52 ./system/src/stm32f4-hal/stm32f4xx_hal.o
 .debug_macro   0x0000fc11       0x40 ./system/src/stm32f4-hal/stm32f4xx_hal.o
 .debug_macro   0x0000fc51       0x10 ./system/src/stm32f4-hal/stm32f4xx_hal.o
 .debug_macro   0x0000fc61       0x40 ./system/src/stm32f4-hal/stm32f4xx_hal.o
 .debug_macro   0x0000fca1       0xd7 ./system/src/stm32f4-hal/stm32f4xx_hal.o
 .debug_macro   0x0000fd78       0x1c ./system/src/stm32f4-hal/stm32f4xx_hal.o
 .debug_macro   0x0000fd94       0x3d ./system/src/stm32f4-hal/stm32f4xx_hal.o
 .debug_macro   0x0000fdd1       0x16 ./system/src/stm32f4-hal/stm32f4xx_hal.o
 .debug_macro   0x0000fde7      0x16f ./system/src/stm32f4-hal/stm32f4xx_hal.o
 .debug_macro   0x0000ff56       0x57 ./system/src/stm32f4-hal/stm32f4xx_hal.o
 .debug_macro   0x0000ffad      0xc9e ./system/src/stm32f4-hal/stm32f4xx_hal.o
 .debug_macro   0x00010c4b      0x9e1 ./system/src/stm32f4-hal/stm32f4xx_hal.o
 .debug_macro   0x0001162c      0x11e ./system/src/stm32f4-hal/stm32f4xx_hal.o
 .debug_macro   0x0001174a      0x1a0 ./system/src/stm32f4-hal/stm32f4xx_hal.o
 .debug_macro   0x000118ea       0x27 ./system/src/stm32f4-hal/stm32f4xx_hal.o
 .debug_macro   0x00011911      0x287 ./system/src/stm32f4-hal/stm32f4xx_hal.o
 .debug_macro   0x00011b98       0x5f ./system/src/stm32f4-hal/stm32f4xx_hal.o
 .debug_macro   0x00011bf7      0x23a ./system/src/stm32f4-hal/stm32f4xx_hal.o
 .debug_macro   0x00011e31      0x391 ./system/src/stm32f4-hal/stm32f4xx_hal.o
 .debug_macro   0x000121c2      0x176 ./system/src/stm32f4-hal/stm32f4xx_hal.o
 .debug_macro   0x00012338       0xf9 ./system/src/stm32f4-hal/stm32f4xx_hal.o
 .debug_macro   0x00012431      0x36e ./system/src/stm32f4-hal/stm32f4xx_hal.o
 .debug_macro   0x0001279f       0x23 ./system/src/stm32f4-hal/stm32f4xx_hal.o
 .debug_macro   0x000127c2       0xe6 ./system/src/stm32f4-hal/stm32f4xx_hal.o
 .debug_macro   0x000128a8       0xa1 ./system/src/stm32f4-hal/stm32f4xx_hal.o
 .debug_macro   0x00012949       0x3c ./system/src/stm32f4-hal/stm32f4xx_hal.o
 .debug_macro   0x00012985       0x81 ./system/src/stm32f4-hal/stm32f4xx_hal.o
 .debug_macro   0x00012a06      0x1cd ./system/src/stm32f4-hal/stm32f4xx_hal.o
 .debug_macro   0x00012bd3      0x13a ./system/src/stm32f4-hal/stm32f4xx_hal.o
 .debug_macro   0x00012d0d      0x29c ./system/src/stm32f4-hal/stm32f4xx_hal.o
 .debug_macro   0x00012fa9       0x2e ./system/src/stm32f4-hal/stm32f4xx_hal.o
 .debug_macro   0x00012fd7      0x54a ./system/src/stm32f4-hal/stm32f4xx_hal.o
 .debug_macro   0x00013521       0x88 ./system/src/stm32f4-hal/stm32f4xx_hal.o
 .debug_macro   0x000135a9       0xd5 ./system/src/stm32f4-hal/stm32f4xx_hal.o
 .debug_macro   0x0001367e       0x10 ./system/src/stm32f4-hal/stm32f4xx_hal.o
 .debug_macro   0x0001368e      0x1a7 ./system/src/stm32f4-hal/stm32f4xx_hal.o
 .debug_macro   0x00013835       0x22 ./system/src/stm32f4-hal/stm32f4xx_hal.o
 .debug_macro   0x00013857       0xa5 ./system/src/stm32f4-hal/stm32f4xx_hal.o
 .debug_macro   0x000138fc      0x18b ./system/src/stm32f4-hal/stm32f4xx_hal.o
 .debug_macro   0x00013a87       0x30 ./system/src/stm32f4-hal/stm32f4xx_hal.o
 .debug_macro   0x00013ab7       0x35 ./system/src/stm32f4-hal/stm32f4xx_hal.o
 .debug_macro   0x00013aec       0x79 ./system/src/stm32f4-hal/stm32f4xx_hal.o
 .debug_macro   0x00013b65      0x11e ./system/src/stm32f4-hal/stm32f4xx_hal.o
 .debug_macro   0x00013c83       0xe8 ./system/src/stm32f4-hal/stm32f4xx_hal.o
 .debug_macro   0x00013d6b       0x89 ./system/src/stm32f4-hal/stm32f4xx_hal.o
 .debug_macro   0x00013df4      0x31a ./system/src/stm32f4-hal/stm32f4xx_hal.o
 .debug_macro   0x0001410e      0x409 ./system/src/stm32f4-hal/stm32f4xx_hal.o
 .debug_macro   0x00014517       0xe4 ./system/src/stm32f4-hal/stm32f4xx_hal.o
 .debug_macro   0x000145fb      0x39f ./system/src/stm32f4-hal/stm32f4xx_hal.o
 .debug_macro   0x0001499a       0xcf ./system/src/stm32f4-hal/stm32f4xx_hal.o
 .debug_macro   0x00014a69      0x463 ./system/src/stm32f4-hal/stm32f4xx_hal.o
 .debug_macro   0x00014ecc      0x22b ./system/src/stm32f4-hal/stm32f4xx_hal.o
 .debug_macro   0x000150f7      0x202 ./system/src/stm32f4-hal/stm32f4xx_hal.o
 .debug_macro   0x000152f9      0x6d9 ./system/src/stm32f4-hal/stm32f4xx_hal.o
 .debug_macro   0x000159d2       0x62 ./system/src/stm32f4-hal/stm32f4xx_hal.o
 .debug_macro   0x00015a34      0x14d ./system/src/stm32f4-hal/stm32f4xx_hal.o
 .debug_macro   0x00015b81      0x287 ./system/src/stm32f4-hal/stm32f4xx_hal.o
 .debug_macro   0x00015e08      0x225 ./system/src/stm32f4-hal/stm32f4xx_hal.o
 .debug_macro   0x0001602d      0x1b5 ./system/src/stm32f4-hal/stm32f4xx_hal.o
 .debug_macro   0x000161e2      0x2db ./system/src/stm32f4-hal/stm32f4xx_hal.o
 .debug_macro   0x000164bd       0x89 ./system/src/stm32f4-hal/stm32f4xx_hal.o
 .debug_macro   0x00016546      0x1df ./system/src/stm32f4-hal/stm32f4xx_hal.o
 .debug_macro   0x00016725      0x115 ./system/src/stm32f4-hal/stm32f4xx_hal.o
 .debug_macro   0x0001683a       0x6e ./system/src/stm32f4-hal/stm32f4xx_hal.o
 .debug_macro   0x000168a8      0x2e2 ./system/src/stm32f4-hal/stm32f4xx_hal.o
 .debug_macro   0x00016b8a      0x2e2 ./system/src/stm32f4-hal/stm32f4xx_hal.o
 .debug_macro   0x00016e6c      0x202 ./system/src/stm32f4-hal/stm32f4xx_hal.o
 .debug_macro   0x0001706e       0x34 ./system/src/stm32f4-hal/stm32f4xx_hal.o
 .debug_macro   0x000170a2       0x90 ./system/src/stm32f4-hal/stm32f4xx_hal.o
 .debug_macro   0x00017132      0x1ed ./system/src/stm32f4-hal/stm32f4xx_hal.o
 .debug_macro   0x0001731f      0x11e ./system/src/stm32f4-hal/stm32f4xx_hal.o
 .debug_macro   0x0001743d      0x525 ./system/src/stm32f4-hal/stm32f4xx_hal_cortex.o
 .debug_macro   0x00017962      0x54f ./system/src/stm32f4-hal/stm32f4xx_hal_rcc.o
 .debug_macro   0x00017eb1      0x1b4 ./system/src/newlib/_exit.o
 .debug_macro   0x00018065      0x10e ./system/src/newlib/_exit.o
 .debug_macro   0x00018173       0x8d ./system/src/newlib/_exit.o
 .debug_macro   0x00018200       0x35 ./system/src/newlib/_exit.o
 .debug_macro   0x00018235      0x169 ./system/src/newlib/_sbrk.o
 .debug_macro   0x0001839e      0x174 ./system/src/newlib/_sbrk.o
 .debug_macro   0x00018512       0x10 ./system/src/newlib/_sbrk.o
 .debug_macro   0x00018522      0x23b ./system/src/newlib/_sbrk.o
 .debug_macro   0x0001875d      0x173 ./system/src/newlib/_startup.o
 .debug_macro   0x000188d0      0xa72 ./system/src/newlib/_startup.o
 .debug_macro   0x00019342      0x217 ./system/src/newlib/_syscalls.o
 .debug_macro   0x00019559       0x1c ./system/src/newlib/_syscalls.o
 .debug_macro   0x00019575       0x10 ./system/src/newlib/_syscalls.o
 .debug_macro   0x00019585       0x10 ./system/src/newlib/_syscalls.o
 .debug_macro   0x00019595       0x10 ./system/src/newlib/_syscalls.o
 .debug_macro   0x000195a5       0x35 ./system/src/newlib/_syscalls.o
 .debug_macro   0x000195da      0x122 ./system/src/newlib/_syscalls.o
 .debug_macro   0x000196fc       0x88 ./system/src/newlib/_syscalls.o
 .debug_macro   0x00019784       0x2b ./system/src/newlib/_syscalls.o
 .debug_macro   0x000197af      0x118 ./system/src/newlib/_syscalls.o
 .debug_macro   0x000198c7      0x189 ./system/src/newlib/_syscalls.o
 .debug_macro   0x00019a50       0x16 ./system/src/newlib/_syscalls.o
 .debug_macro   0x00019a66      0x1d0 ./system/src/newlib/assert.o
 .debug_macro   0x00019c36       0x1c ./system/src/newlib/assert.o
 .debug_macro   0x00019c52      0x1fb ./system/src/diag/Trace.o
 .debug_macro   0x00019e4d       0x4c ./system/src/diag/Trace.o
 .debug_macro   0x00019e99       0x16 ./system/src/diag/Trace.o
 .debug_macro   0x00019eaf      0x56b ./system/src/diag/trace_impl.o
 .debug_macro   0x0001a41a       0x22 ./system/src/diag/trace_impl.o
 .debug_macro   0x0001a43c      0x52f ./system/src/cortexm/_initialize_hardware.o
 .debug_macro   0x0001a96b      0x598 ./system/src/cortexm/exception_handlers.o
 .debug_macro   0x0001af03       0x3b ./system/src/cortexm/exception_handlers.o
 .debug_macro   0x0001af3e      0x52b ./system/src/cmsis/system_stm32f4xx.o
 .debug_macro   0x0001b469       0x34 ./system/src/cmsis/vectors_stm32f446xx.o
 .debug_macro   0x0001b49d      0x53b ./src/WM8731.o
 .debug_macro   0x0001b9d8      0x1f6 ./src/WM8731.o
 .debug_macro   0x0001bbce       0x10 ./src/WM8731.o
 .debug_macro   0x0001bbde      0x525 ./src/_initialize_hardware.o
 .debug_macro   0x0001c103      0x54f ./src/adc.o
 .debug_macro   0x0001c652      0x54f ./src/gpio.o
 .debug_macro   0x0001cba1      0x5ae ./src/main.o
 .debug_macro   0x0001d14f      0x518 ./src/stm32f4xx_hal_msp.o
 .debug_macro   0x0001d667       0x22 ./src/stm32f4xx_hal_msp.o
 .debug_macro   0x0001d689       0x4c ./src/stm32f4xx_hal_msp.o
 .debug_macro   0x0001d6d5       0x35 ./src/stm32f4xx_hal_msp.o
 .debug_macro   0x0001d70a      0x30d ./src/stm32f4xx_hal_msp.o
 .debug_macro   0x0001da17       0x52 ./src/stm32f4xx_hal_msp.o
 .debug_macro   0x0001da69       0x20 ./src/stm32f4xx_hal_msp.o
 .debug_macro   0x0001da89      0x187 ./src/stm32f4xx_hal_msp.o
 .debug_macro   0x0001dc10      0x18b ./src/stm32f4xx_hal_msp.o
 .debug_macro   0x0001dd9b      0x54f ./src/timer.o
